{
  "action_status": 6,
  "diagnostics": {
    "arm_recovery": {
      "final_positions_rad": {
        "panda_joint1": 2.842386894090321e-17,
        "panda_joint2": -0.7849999999999517,
        "panda_joint3": 1.2511240052063304e-14,
        "panda_joint4": -2.356000000000544,
        "panda_joint5": -1.7949493989693765e-13,
        "panda_joint6": 1.5709999999993773,
        "panda_joint7": 0.7850000000000003
      },
      "initial_positions_rad": {},
      "joint_sample_count": 2440,
      "maximum_initial_final_delta_rad": null
    },
    "attachment_state": {
      "events": [],
      "final_attached": null,
      "initial_attached": null
    },
    "contacts": {
      "left": {
        "first_processed_true_sec": null,
        "first_raw_contact_sec": null,
        "processed_messages": 0,
        "processed_seen_true": false,
        "processed_true_messages": 0,
        "raw_contact_pairs": [],
        "raw_contacts": 0,
        "raw_max_contacts_per_message": 0,
        "raw_messages": 0
      },
      "right": {
        "first_processed_true_sec": null,
        "first_raw_contact_sec": null,
        "processed_messages": 0,
        "processed_seen_true": false,
        "processed_true_messages": 0,
        "raw_contact_pairs": [],
        "raw_contacts": 0,
        "raw_max_contacts_per_message": 0,
        "raw_messages": 0
      }
    },
    "fingers": {
      "panda_finger_joint1": {
        "latest_m": 0.03999988812448376,
        "max_m": 0.04000000000000001,
        "min_m": 0.039994702496934986,
        "samples_during_grasp": 224
      },
      "panda_finger_joint2": {
        "latest_m": 0.039999899220205595,
        "max_m": 0.04000000000000043,
        "min_m": 0.03999482347307969,
        "samples_during_grasp": 224
      }
    },
    "fruit_contacts": {
      "first_pair_events": [],
      "raw_contact_pairs": [],
      "raw_contacts": 0,
      "raw_messages": 0
    },
    "gripper_recovery": {
      "final_positions_m": {
        "panda_finger_joint1": 0.03999988812448376,
        "panda_finger_joint2": 0.039999899220205595
      },
      "initial_positions_m": {
        "panda_finger_joint1": null,
        "panda_finger_joint2": null
      }
    },
    "pad_geometry": {
      "left": {
        "first_position_m": [
          0.45480241551015893,
          -0.06465631667546057,
          0.6875566493016181
        ],
        "latest_position_m": [
          0.4441321482348466,
          -0.0836880044503163,
          0.636187459027078
        ],
        "min_center_distance_m": 0.10854386144875884,
        "position_at_min_distance_m": [
          0.4441321482348466,
          -0.0836880044503163,
          0.636187459027078
        ],
        "samples_during_grasp_path": 22,
        "target_at_min_distance_m": [
          0.40953460741647446,
          -0.06105305136025079,
          0.5358259179561131
        ]
      },
      "right": {
        "first_position_m": [
          0.37698939765847433,
          -0.046078527445837694,
          0.6875562579539605
        ],
        "latest_position_m": [
          0.38764654945786226,
          -0.02703663967992792,
          0.636188135729457
        ],
        "min_center_distance_m": 0.10820710744303663,
        "position_at_min_distance_m": [
          0.38764654945786226,
          -0.02703663967992792,
          0.636188135729457
        ],
        "samples_during_grasp_path": 22,
        "target_at_min_distance_m": [
          0.40953460741647446,
          -0.06105305136025079,
          0.5358259179561131
        ]
      }
    },
    "pad_midpoint_geometry": {
      "hand_pose_at_min_distance": {
        "orientation_xyzw": [
          0.9241596342733766,
          0.3820065052824248,
          1.3950884589421288e-05,
          -1.0343146554704672e-05
        ],
        "position_m": [
          0.4158878216048261,
          -0.05536486494358473,
          0.7215877973267528
        ]
      },
      "latest_position_m": [
        0.4158893488463544,
        -0.05536232206512211,
        0.6361877973782675
      ],
      "max_pad_separation_m": 0.0800000000000002,
      "max_target_distance_m": 0.13994888678454226,
      "midpoint_at_min_target_distance_m": [
        0.4158893488463544,
        -0.05536232206512211,
        0.6361877973782675
      ],
      "min_pad_separation_m": 0.07999971168281535,
      "min_target_distance_m": 0.10072375082222722,
      "offset_at_min_distance_m": [
        0.006354741429879962,
        0.005690729295128684,
        0.10036187942215435
      ],
      "samples_during_grasp_path": 22,
      "target_at_min_distance_m": [
        0.40953460741647446,
        -0.06105305136025079,
        0.5358259179561131
      ]
    },
    "target_displacement_events": [
      {
        "elapsed_sec": 0.5329,
        "position_m": [
          0.41901027402979857,
          -0.05581531438228466,
          0.5500963388171227
        ],
        "stage": "PLAN",
        "threshold_m": 0.001
      },
      {
        "elapsed_sec": 3.0884,
        "position_m": [
          0.4207271127983346,
          -0.0544445264212836,
          0.5516662908092786
        ],
        "stage": "PLAN",
        "threshold_m": 0.005
      },
      {
        "elapsed_sec": 6.1297,
        "position_m": [
          0.425860407801422,
          -0.05464303489662109,
          0.5508072051972289
        ],
        "stage": "PLAN",
        "threshold_m": 0.01
      }
    ],
    "target_final_position_m": [
      0.40953460741647446,
      -0.06105305136025079,
      0.5358259179561131
    ],
    "target_max_displacement_by_stage_m": {
      "APPROACH": 0.01678018900834772,
      "PLAN": 0.011828032787087156,
      "WAITING": 1.5700924586837752e-16
    },
    "target_max_displacement_during_grasp_m": null,
    "target_max_displacement_m": 0.01678018900834772,
    "target_pose_samples_during_action": 146
  },
  "execution_time_sec": 56.4555,
  "failure_code": 8,
  "feedback": [
    {
      "elapsed_sec": 0.0981,
      "progress": 0.1,
      "stage": "PLAN"
    },
    {
      "elapsed_sec": 45.3044,
      "progress": 0.25,
      "stage": "APPROACH"
    },
    {
      "elapsed_sec": 58.9635,
      "progress": 0.4,
      "stage": "GRASP"
    }
  ],
  "message": "gripper contact or simulated attachment failed",
  "place_position_m": [
    0.35,
    -0.45,
    0.45
  ],
  "planning_time_sec": 0.0512,
  "result_success": false,
  "success": false,
  "target_id": 1,
  "target_message_type": "target_pose",
  "target_position_m": [
    0.41586261443329764,
    -0.05537905848329585,
    0.5502943966316054
  ],
  "target_topic": "/strawberry/perception/target_pose"
}
