[INFO] [launch]: All log files can be found below /home/lzl/.ros/log/2026-07-27-17-40-31-993522-liuzelin-27284
[INFO] [launch]: Default logging verbosity is set to INFO
[INFO] [launch.user]: Perception/localization are gated off until trained weights are supplied with model_path:=...
[INFO] [gazebo-1]: process started with pid [27304]
[INFO] [parameter_bridge-2]: process started with pid [27305]
[INFO] [parameter_bridge-3]: process started with pid [27306]
[INFO] [robot_state_publisher-4]: process started with pid [27307]
[INFO] [create-5]: process started with pid [27308]
[INFO] [ground_truth_publisher-6]: process started with pid [27309]
[INFO] [contact_monitor-7]: process started with pid [27310]
[INFO] [attachment_manager-8]: process started with pid [27311]
[INFO] [pick_and_place_server-9]: process started with pid [27312]
[robot_state_publisher-4] [INFO] [1785145232.299283732] [panda_robot_state_publisher]: Robot initialized
[create-5] [INFO] [1785145232.301909172] [spawn_panda]: Waiting messages on topic [robot_description].
[parameter_bridge-2] [INFO] [1785145232.355816687] [strawberry_world_control_bridge]: Creating ROS->GZ service bridge [/world/strawberry_orchard/control (ros_gz_interfaces/srv/ControlWorld -> /)]
[attachment_manager-8] [WARN] [1785145232.637063482] [attachment_manager]: attachment backend enabled; waiting for every DetachableJoint to confirm the detached startup state
[pick_and_place_server-9] [INFO] [1785145232.931210047] [strawberry_pick_and_place]: Loaded grasp geometry profile blender_v2_26mm: tool_center_offset_m=0.0964, gripper_closed_width_m_per_finger=0.022
[create-5] [INFO] [1785145232.995005526] [spawn_panda]: Entity creation successful.
[pick_and_place_server-9] WARNING:root:[33;21mCannot infer URDF from `/home/lzl/.cache/strawberry_urp/colcon/install/strawberry_manipulation/share/strawberry_manipulation`. -- using config/panda.urdf[0m
[pick_and_place_server-9] WARNING:root:[33;21mCannot infer SRDF from `/home/lzl/.cache/strawberry_urp/colcon/install/strawberry_manipulation/share/strawberry_manipulation`. -- using config/panda.srdf[0m
[INFO] [create-5]: process has finished cleanly [pid 27308]
[pick_and_place_server-9] [INFO] [1785145233.225124298] [moveit_993339900.moveit.py.cpp_initializer]: Initialize rclcpp
[pick_and_place_server-9] [INFO] [1785145233.225160178] [moveit_993339900.moveit.py.cpp_initializer]: Initialize node parameters
[pick_and_place_server-9] [INFO] [1785145233.225165991] [moveit_993339900.moveit.py.cpp_initializer]: Initialize node and executor
[pick_and_place_server-9] [INFO] [1785145233.230352236] [moveit_993339900.moveit.py.cpp_initializer]: Spin separate thread
[pick_and_place_server-9] [INFO] [1785145233.232706201] [moveit_993339900.moveit.ros.rdf_loader]: Loaded robot model in 0 seconds
[pick_and_place_server-9] [INFO] [1785145233.232731438] [moveit_993339900.moveit.core.robot_model]: Loading robot model 'panda'...
[pick_and_place_server-9] [INFO] [1785145233.232736992] [moveit_993339900.moveit.core.robot_model]: No root/virtual joint specified in SRDF. Assuming fixed joint
[pick_and_place_server-9] [INFO] [1785145233.236120883] [moveit_993339900.moveit.kinematics.kdl_kinematics_plugin]: Joint weights for group 'panda_arm': 1 1 1 1 1 1 1
[pick_and_place_server-9] [INFO] [1785145233.251043394] [moveit_993339900.moveit.ros.planning_scene_monitor]: Publishing maintained planning scene on 'monitored_planning_scene'
[pick_and_place_server-9] [INFO] [1785145233.251149793] [moveit_993339900.moveit.ros.moveit_cpp]: Listening to 'joint_states' for joint states
[pick_and_place_server-9] [INFO] [1785145233.251678111] [moveit_993339900.moveit.ros.current_state_monitor]: Listening to joint states on topic 'joint_states'
[pick_and_place_server-9] [INFO] [1785145233.252024857] [moveit_993339900.moveit.ros.planning_scene_monitor]: Listening to '/attached_collision_object' for attached collision objects
[pick_and_place_server-9] [INFO] [1785145233.252034172] [moveit_993339900.moveit.ros.planning_scene_monitor]: Stopping existing planning scene publisher.
[pick_and_place_server-9] [INFO] [1785145233.252123070] [moveit_993339900.moveit.ros.planning_scene_monitor]: Stopped publishing maintained planning scene.
[pick_and_place_server-9] [INFO] [1785145233.252416607] [moveit_993339900.moveit.ros.planning_scene_monitor]: Publishing maintained planning scene on 'monitored_planning_scene'
[pick_and_place_server-9] [INFO] [1785145233.252472363] [moveit_993339900.moveit.ros.planning_scene_monitor]: Starting planning scene monitor
[pick_and_place_server-9] [INFO] [1785145233.252957459] [moveit_993339900.moveit.ros.planning_scene_monitor]: Listening to '/planning_scene'
[pick_and_place_server-9] [INFO] [1785145233.252966207] [moveit_993339900.moveit.ros.planning_scene_monitor]: Starting world geometry update monitor for collision objects, attached objects, octomap updates.
[pick_and_place_server-9] [INFO] [1785145233.253251630] [moveit_993339900.moveit.ros.planning_scene_monitor]: Listening to 'collision_object'
[pick_and_place_server-9] [INFO] [1785145233.253537567] [moveit_993339900.moveit.ros.planning_scene_monitor]: Listening to 'planning_scene_world' for planning scene world geometry
[pick_and_place_server-9] [WARN] [1785145233.253641520] [moveit_993339900.moveit.ros.occupancy_map_monitor]: Resolution not specified for Octomap. Assuming resolution = 0.1 instead
[pick_and_place_server-9] [ERROR] [1785145233.253647470] [moveit_993339900.moveit.ros.occupancy_map_monitor]: No 3D sensor plugin(s) defined for octomap updates
[pick_and_place_server-9] [INFO] [1785145233.258889149] [moveit_993339900.moveit.ros.planning_pipeline]: Successfully loaded planner 'OMPL'
[pick_and_place_server-9] [INFO] [1785145233.259400113] [strawberry_moveit_py]: Try loading adapter 'default_planning_request_adapters/ResolveConstraintFrames'
[pick_and_place_server-9] [INFO] [1785145233.259961718] [strawberry_moveit_py]: Loaded adapter 'default_planning_request_adapters/ResolveConstraintFrames'
[pick_and_place_server-9] [INFO] [1785145233.259971564] [strawberry_moveit_py]: Try loading adapter 'default_planning_request_adapters/ValidateWorkspaceBounds'
[pick_and_place_server-9] [INFO] [1785145233.260073795] [strawberry_moveit_py]: Loaded adapter 'default_planning_request_adapters/ValidateWorkspaceBounds'
[pick_and_place_server-9] [INFO] [1785145233.260077929] [strawberry_moveit_py]: Try loading adapter 'default_planning_request_adapters/CheckStartStateBounds'
[pick_and_place_server-9] [INFO] [1785145233.260088429] [strawberry_moveit_py]: Loaded adapter 'default_planning_request_adapters/CheckStartStateBounds'
[pick_and_place_server-9] [INFO] [1785145233.260090268] [strawberry_moveit_py]: Try loading adapter 'default_planning_request_adapters/CheckStartStateCollision'
[pick_and_place_server-9] [INFO] [1785145233.260095405] [strawberry_moveit_py]: Loaded adapter 'default_planning_request_adapters/CheckStartStateCollision'
[pick_and_place_server-9] [INFO] [1785145233.260543979] [strawberry_moveit_py]: Try loading adapter 'default_planning_response_adapters/AddTimeOptimalParameterization'
[pick_and_place_server-9] [INFO] [1785145233.261488132] [strawberry_moveit_py]: Loaded adapter 'default_planning_response_adapters/AddTimeOptimalParameterization'
[pick_and_place_server-9] [INFO] [1785145233.261496965] [strawberry_moveit_py]: Try loading adapter 'default_planning_response_adapters/ValidateSolution'
[pick_and_place_server-9] [INFO] [1785145233.262686378] [strawberry_moveit_py]: Loaded adapter 'default_planning_response_adapters/ValidateSolution'
[pick_and_place_server-9] [INFO] [1785145233.275394018] [moveit_993339900.moveit.plugins.simple_controller_manager]: Added FollowJointTrajectory controller for panda_arm_controller
[pick_and_place_server-9] [INFO] [1785145233.275523384] [moveit_993339900.moveit.plugins.simple_controller_manager]: Returned 1 controllers in list
[pick_and_place_server-9] [INFO] [1785145233.275536851] [moveit_993339900.moveit.plugins.simple_controller_manager]: Returned 1 controllers in list
[pick_and_place_server-9] [INFO] [1785145233.275896177] [moveit_993339900.moveit.ros.trajectory_execution_manager]: Trajectory execution is not managing controllers
[parameter_bridge-3] [INFO] [1785145233.364220038] [strawberry_gz_bridge]: Creating GZ->ROS Bridge: [/clock (gz.msgs.Clock) -> /clock (rosgraph_msgs/msg/Clock)] (Lazy 0)
[parameter_bridge-3] [INFO] [1785145233.365708167] [strawberry_gz_bridge]: Creating GZ->ROS Bridge: [/camera/image (gz.msgs.Image) -> /camera/color/image_raw (sensor_msgs/msg/Image)] (Lazy 0)
[parameter_bridge-3] [INFO] [1785145233.368102895] [strawberry_gz_bridge]: Creating GZ->ROS Bridge: [/camera/depth_image (gz.msgs.Image) -> /camera/depth/image_raw (sensor_msgs/msg/Image)] (Lazy 0)
[parameter_bridge-3] [INFO] [1785145233.368854442] [strawberry_gz_bridge]: Creating GZ->ROS Bridge: [/camera/camera_info (gz.msgs.CameraInfo) -> /camera/camera_info (sensor_msgs/msg/CameraInfo)] (Lazy 0)
[parameter_bridge-3] [INFO] [1785145233.369784894] [strawberry_gz_bridge]: Creating GZ->ROS Bridge: [/camera/base/image (gz.msgs.Image) -> /camera/base/color/image_raw (sensor_msgs/msg/Image)] (Lazy 0)
[parameter_bridge-3] [INFO] [1785145233.370589258] [strawberry_gz_bridge]: Creating GZ->ROS Bridge: [/camera/base/depth_image (gz.msgs.Image) -> /camera/base/depth/image_raw (sensor_msgs/msg/Image)] (Lazy 0)
[parameter_bridge-3] [INFO] [1785145233.371324839] [strawberry_gz_bridge]: Creating GZ->ROS Bridge: [/camera/base/camera_info (gz.msgs.CameraInfo) -> /camera/base/camera_info (sensor_msgs/msg/CameraInfo)] (Lazy 0)
[parameter_bridge-3] [INFO] [1785145233.372058126] [strawberry_gz_bridge]: Creating GZ->ROS Bridge: [/camera/wrist/image (gz.msgs.Image) -> /camera/wrist/color/image_raw (sensor_msgs/msg/Image)] (Lazy 0)
[parameter_bridge-3] [INFO] [1785145233.372764198] [strawberry_gz_bridge]: Creating GZ->ROS Bridge: [/camera/wrist/depth_image (gz.msgs.Image) -> /camera/wrist/depth/image_raw (sensor_msgs/msg/Image)] (Lazy 0)
[parameter_bridge-3] [INFO] [1785145233.373512767] [strawberry_gz_bridge]: Creating GZ->ROS Bridge: [/camera/wrist/camera_info (gz.msgs.CameraInfo) -> /camera/wrist/camera_info (sensor_msgs/msg/CameraInfo)] (Lazy 0)
[parameter_bridge-3] [INFO] [1785145233.374265457] [strawberry_gz_bridge]: Creating GZ->ROS Bridge: [/strawberry/sim/gripper/left_contacts (gz.msgs.Contacts) -> /strawberry/sim/gripper/left_contacts (ros_gz_interfaces/msg/Contacts)] (Lazy 0)
[parameter_bridge-3] [INFO] [1785145233.376364636] [strawberry_gz_bridge]: Creating GZ->ROS Bridge: [/strawberry/sim/gripper/right_contacts (gz.msgs.Contacts) -> /strawberry/sim/gripper/right_contacts (ros_gz_interfaces/msg/Contacts)] (Lazy 0)
[parameter_bridge-3] [INFO] [1785145233.377135006] [strawberry_gz_bridge]: Creating GZ->ROS Bridge: [/strawberry/sim/fruit_contacts (gz.msgs.Contacts) -> /strawberry/sim/fruit_contacts (ros_gz_interfaces/msg/Contacts)] (Lazy 0)
[parameter_bridge-3] [INFO] [1785145233.377858150] [strawberry_gz_bridge]: Creating GZ->ROS Bridge: [/model/strawberry_1/pose (gz.msgs.Pose_V) -> /strawberry/sim/fruit_1/pose_tf (tf2_msgs/msg/TFMessage)] (Lazy 0)
[parameter_bridge-3] [INFO] [1785145233.379858614] [strawberry_gz_bridge]: Creating GZ->ROS Bridge: [/model/strawberry_2/pose (gz.msgs.Pose_V) -> /strawberry/sim/fruit_2/pose_tf (tf2_msgs/msg/TFMessage)] (Lazy 0)
[parameter_bridge-3] [INFO] [1785145233.380660532] [strawberry_gz_bridge]: Creating GZ->ROS Bridge: [/model/strawberry_3/pose (gz.msgs.Pose_V) -> /strawberry/sim/fruit_3/pose_tf (tf2_msgs/msg/TFMessage)] (Lazy 0)
[parameter_bridge-3] [INFO] [1785145233.381646058] [strawberry_gz_bridge]: Creating ROS->GZ Bridge: [/strawberry/sim/fruit_1/attach_command (std_msgs/msg/Empty) -> /strawberry/sim/fruit_1/attach (gz.msgs.Empty)] (Lazy 0)
[parameter_bridge-3] [INFO] [1785145233.382886272] [strawberry_gz_bridge]: Creating ROS->GZ Bridge: [/strawberry/sim/fruit_1/detach_command (std_msgs/msg/Empty) -> /strawberry/sim/fruit_1/detach (gz.msgs.Empty)] (Lazy 0)
[parameter_bridge-3] [INFO] [1785145233.383654897] [strawberry_gz_bridge]: Creating GZ->ROS Bridge: [/strawberry/sim/fruit_1/attached (gz.msgs.StringMsg) -> /strawberry/sim/fruit_1/attached_state (std_msgs/msg/String)] (Lazy 0)
[parameter_bridge-3] [INFO] [1785145233.384517112] [strawberry_gz_bridge]: Creating ROS->GZ Bridge: [/strawberry/sim/fruit_2/attach_command (std_msgs/msg/Empty) -> /strawberry/sim/fruit_2/attach (gz.msgs.Empty)] (Lazy 0)
[parameter_bridge-3] [INFO] [1785145233.385313956] [strawberry_gz_bridge]: Creating ROS->GZ Bridge: [/strawberry/sim/fruit_2/detach_command (std_msgs/msg/Empty) -> /strawberry/sim/fruit_2/detach (gz.msgs.Empty)] (Lazy 0)
[parameter_bridge-3] [INFO] [1785145233.385983523] [strawberry_gz_bridge]: Creating GZ->ROS Bridge: [/strawberry/sim/fruit_2/attached (gz.msgs.StringMsg) -> /strawberry/sim/fruit_2/attached_state (std_msgs/msg/String)] (Lazy 0)
[parameter_bridge-3] [INFO] [1785145233.388701886] [strawberry_gz_bridge]: Creating ROS->GZ Bridge: [/strawberry/sim/fruit_3/attach_command (std_msgs/msg/Empty) -> /strawberry/sim/fruit_3/attach (gz.msgs.Empty)] (Lazy 0)
[parameter_bridge-3] [INFO] [1785145233.389444834] [strawberry_gz_bridge]: Creating ROS->GZ Bridge: [/strawberry/sim/fruit_3/detach_command (std_msgs/msg/Empty) -> /strawberry/sim/fruit_3/detach (gz.msgs.Empty)] (Lazy 0)
[parameter_bridge-3] [INFO] [1785145233.390181138] [strawberry_gz_bridge]: Creating GZ->ROS Bridge: [/strawberry/sim/fruit_3/attached (gz.msgs.StringMsg) -> /strawberry/sim/fruit_3/attached_state (std_msgs/msg/String)] (Lazy 0)
[parameter_bridge-3] [INFO] [1785145233.579501936] [strawberry_gz_bridge]: Passing message from ROS std_msgs/msg/Empty to Gazebo gz.msgs.Empty (showing msg only once per type)
[gazebo-1] [1;33mWarning [Utils.cc:132][0m [/sdf/model[@name="panda"]/link[@name="strawberry_base_camera_link"]/sensor[@name="base_rgbd"]/gz_frame_id:<urdf-string>:L0]: XML Element[gz_frame_id], child of element[sensor], not defined in SDF. Copying[gz_frame_id] as children of [sensor].
[gazebo-1] [1;33mWarning [Utils.cc:132][0m [/sdf/model[@name="panda"]/link[@name="strawberry_wrist_camera_link"]/sensor[@name="wrist_rgbd"]/gz_frame_id:<urdf-string>:L0]: XML Element[gz_frame_id], child of element[sensor], not defined in SDF. Copying[gz_frame_id] as children of [sensor].
[gazebo-1] [INFO] [1785145235.075773498] [gz_ros_control]: [gz_ros2_control] Fixed joint ['panda_world_joint'] (Entity='100') is skipped.
[gazebo-1] [INFO] [1785145235.075934534] [gz_ros_control]: [gz_ros2_control] Fixed joint ['panda_base_camera_mast_joint'] (Entity='101') is skipped.
[gazebo-1] [INFO] [1785145235.075947448] [gz_ros_control]: [gz_ros2_control] Fixed joint ['panda_base_camera_joint'] (Entity='102') is skipped.
[gazebo-1] [INFO] [1785145235.075956141] [gz_ros_control]: [gz_ros2_control] Fixed joint ['strawberry_base_camera_optical_joint'] (Entity='103') is skipped.
[gazebo-1] [INFO] [1785145235.075965305] [gz_ros_control]: [gz_ros2_control] Fixed joint ['panda_left_contact_pad_joint'] (Entity='112') is skipped.
[gazebo-1] [INFO] [1785145235.075970183] [gz_ros_control]: [gz_ros2_control] Fixed joint ['panda_right_contact_pad_joint'] (Entity='114') is skipped.
[gazebo-1] [INFO] [1785145235.075972696] [gz_ros_control]: [gz_ros2_control] Fixed joint ['panda_wrist_camera_joint'] (Entity='115') is skipped.
[gazebo-1] [INFO] [1785145235.075975264] [gz_ros_control]: [gz_ros2_control] Fixed joint ['strawberry_wrist_camera_optical_joint'] (Entity='116') is skipped.
[gazebo-1] [INFO] [1785145235.077367839] [gz_ros_control]: Loading controller_manager
[gazebo-1] [INFO] [1785145235.101925429] [controller_manager]: Using ROS clock for triggering controller manager cycles.
[gazebo-1] [INFO] [1785145235.105555789] [controller_manager]: Subscribing to '/robot_description' topic for robot description.
[gazebo-1] [WARN] [1785145235.109964385] [gz_ros_control]: Waiting RM to load and initialize hardware...
[gazebo-1] [INFO] [1785145235.116084449] [controller_manager]: Received robot description from topic.
[gazebo-1] [INFO] [1785145235.116143008] [controller_manager]: Enforcing command limits is disabled. Command limits from URDF will be ignored.
[gazebo-1] [INFO] [1785145235.119412032] [gz_ros_control]: The position_proportional_gain has been set to: 1
[gazebo-1] [INFO] [1785145235.119476831] [gz_ros_control]: Loading joint: panda_joint1
[gazebo-1] [INFO] [1785145235.119482179] [gz_ros_control]: 	State:
[gazebo-1] [INFO] [1785145235.119485922] [gz_ros_control]: 		 position
[gazebo-1] [INFO] [1785145235.119496934] [gz_ros_control]: 			 found initial value: 0.000000
[gazebo-1] [INFO] [1785145235.119502220] [gz_ros_control]: 		 velocity
[gazebo-1] [INFO] [1785145235.119507549] [gz_ros_control]: 	Command:
[gazebo-1] [INFO] [1785145235.119509565] [gz_ros_control]: 		 position
[gazebo-1] [INFO] [1785145235.119518376] [gz_ros_control]: Loading joint: panda_joint2
[gazebo-1] [INFO] [1785145235.119520284] [gz_ros_control]: 	State:
[gazebo-1] [INFO] [1785145235.119521986] [gz_ros_control]: 		 position
[gazebo-1] [INFO] [1785145235.119524164] [gz_ros_control]: 			 found initial value: -0.785000
[gazebo-1] [INFO] [1785145235.119526548] [gz_ros_control]: 		 velocity
[gazebo-1] [INFO] [1785145235.119528246] [gz_ros_control]: 	Command:
[gazebo-1] [INFO] [1785145235.119529797] [gz_ros_control]: 		 position
[gazebo-1] [INFO] [1785145235.119534666] [gz_ros_control]: Loading joint: panda_joint3
[gazebo-1] [INFO] [1785145235.119536524] [gz_ros_control]: 	State:
[gazebo-1] [INFO] [1785145235.119540638] [gz_ros_control]: 		 position
[gazebo-1] [INFO] [1785145235.119542629] [gz_ros_control]: 			 found initial value: 0.000000
[gazebo-1] [INFO] [1785145235.119544501] [gz_ros_control]: 		 velocity
[gazebo-1] [INFO] [1785145235.119546159] [gz_ros_control]: 	Command:
[gazebo-1] [INFO] [1785145235.119547734] [gz_ros_control]: 		 position
[gazebo-1] [INFO] [1785145235.119552396] [gz_ros_control]: Loading joint: panda_joint4
[gazebo-1] [INFO] [1785145235.119554203] [gz_ros_control]: 	State:
[gazebo-1] [INFO] [1785145235.119555821] [gz_ros_control]: 		 position
[gazebo-1] [INFO] [1785145235.119557443] [gz_ros_control]: 			 found initial value: -2.356000
[gazebo-1] [INFO] [1785145235.119559308] [gz_ros_control]: 		 velocity
[gazebo-1] [INFO] [1785145235.119560889] [gz_ros_control]: 	Command:
[gazebo-1] [INFO] [1785145235.119562330] [gz_ros_control]: 		 position
[gazebo-1] [INFO] [1785145235.119566732] [gz_ros_control]: Loading joint: panda_joint5
[gazebo-1] [INFO] [1785145235.119568421] [gz_ros_control]: 	State:
[gazebo-1] [INFO] [1785145235.119569952] [gz_ros_control]: 		 position
[gazebo-1] [INFO] [1785145235.119572354] [gz_ros_control]: 			 found initial value: 0.000000
[gazebo-1] [INFO] [1785145235.119574196] [gz_ros_control]: 		 velocity
[gazebo-1] [INFO] [1785145235.119575801] [gz_ros_control]: 	Command:
[gazebo-1] [INFO] [1785145235.119577305] [gz_ros_control]: 		 position
[gazebo-1] [INFO] [1785145235.119582446] [gz_ros_control]: Loading joint: panda_joint6
[gazebo-1] [INFO] [1785145235.119616064] [gz_ros_control]: 	State:
[gazebo-1] [INFO] [1785145235.119620567] [gz_ros_control]: 		 position
[gazebo-1] [INFO] [1785145235.119622650] [gz_ros_control]: 			 found initial value: 1.571000
[gazebo-1] [INFO] [1785145235.119624774] [gz_ros_control]: 		 velocity
[gazebo-1] [INFO] [1785145235.119626461] [gz_ros_control]: 	Command:
[gazebo-1] [INFO] [1785145235.119628011] [gz_ros_control]: 		 position
[gazebo-1] [INFO] [1785145235.119633385] [gz_ros_control]: Loading joint: panda_joint7
[gazebo-1] [INFO] [1785145235.119635317] [gz_ros_control]: 	State:
[gazebo-1] [INFO] [1785145235.119636946] [gz_ros_control]: 		 position
[gazebo-1] [INFO] [1785145235.119638475] [gz_ros_control]: 			 found initial value: 0.785000
[gazebo-1] [INFO] [1785145235.119640363] [gz_ros_control]: 		 velocity
[gazebo-1] [INFO] [1785145235.119641981] [gz_ros_control]: 	Command:
[gazebo-1] [INFO] [1785145235.119643435] [gz_ros_control]: 		 position
[gazebo-1] [INFO] [1785145235.119648678] [gz_ros_control]: Loading joint: panda_finger_joint1
[gazebo-1] [INFO] [1785145235.119652272] [gz_ros_control]: 	State:
[gazebo-1] [INFO] [1785145235.119654006] [gz_ros_control]: 		 position
[gazebo-1] [INFO] [1785145235.119655635] [gz_ros_control]: 			 found initial value: 0.040000
[gazebo-1] [INFO] [1785145235.119657743] [gz_ros_control]: 		 velocity
[gazebo-1] [INFO] [1785145235.119659366] [gz_ros_control]: 	Command:
[gazebo-1] [INFO] [1785145235.119660922] [gz_ros_control]: 		 position
[gazebo-1] [INFO] [1785145235.119666812] [gz_ros_control]: Loading joint: panda_finger_joint2
[gazebo-1] [INFO] [1785145235.119669642] [gz_ros_control]: Joint 'panda_finger_joint2'is mimicking joint 'panda_finger_joint1' with multiplier: 1 and offset: 0
[gazebo-1] [INFO] [1785145235.119671925] [gz_ros_control]: 	State:
[gazebo-1] [INFO] [1785145235.119673528] [gz_ros_control]: 		 position
[gazebo-1] [INFO] [1785145235.119676312] [gz_ros_control]: 			 found initial value: 0.040000
[gazebo-1] [INFO] [1785145235.119678408] [gz_ros_control]: 		 velocity
[gazebo-1] [INFO] [1785145235.119681187] [gz_ros_control]: 	Command:
[gazebo-1] [INFO] [1785145235.119776548] [controller_manager]: Initialize hardware 'PandaGazeboSystem' 
[gazebo-1] [WARN] [1785145235.119787548] [controller_manager.hardware_component.system.PandaGazeboSystem]: Executor is not available during hardware component initialization for 'PandaGazeboSystem'. Skipping node creation!
[gazebo-1] [INFO] [1785145235.119830232] [controller_manager]: Successful initialization of hardware 'PandaGazeboSystem'
[gazebo-1] [INFO] [1785145235.119952693] [controller_manager]: Activating component 'PandaGazeboSystem'.
[gazebo-1] [INFO] [1785145235.119963330] [resource_manager]: 'configure' hardware 'PandaGazeboSystem' 
[gazebo-1] [INFO] [1785145235.119966640] [gz_ros_control]: System Successfully configured!
[gazebo-1] [INFO] [1785145235.119970063] [resource_manager]: Successful 'configure' of hardware 'PandaGazeboSystem'
[gazebo-1] [INFO] [1785145235.119975812] [resource_manager]: 'activate' hardware 'PandaGazeboSystem' 
[gazebo-1] [INFO] [1785145235.119987113] [resource_manager]: Successful 'activate' of hardware 'PandaGazeboSystem'
[gazebo-1] [WARN] [1785145235.120045244] [controller_manager]: Component 'PandaGazeboSystem' does not have read or write statistics initialized, skipping registration.
[gazebo-1] [INFO] [1785145235.120050387] [controller_manager]: Resource Manager has been successfully initialized. Starting Controller Manager services...
[gazebo-1] [INFO] [1785145235.248496314] [controller_manager]: Received robot description from topic.
[gazebo-1] [WARN] [1785145235.248551069] [controller_manager]: ResourceManager has already loaded a urdf. Ignoring attempt to reload a robot description.
[gazebo-1] [INFO] [1785145235.707751786] [controller_manager]: Received robot description from topic.
[gazebo-1] [WARN] [1785145235.707804977] [controller_manager]: ResourceManager has already loaded a urdf. Ignoring attempt to reload a robot description.
[gazebo-1] [1;31m[Err] [Physics.cc:1808] [0m[1;31mAttempting to create a mimic constraint for joint [[0m[1;31mpanda_finger_joint2[0m[1;31m] but the chosen physics engine does not support [0m[1;31mmimic constraints, so no constraint will be [0m[1;31mcreated.[0m[1;31m[0m
[gazebo-1] [WARN] [1785145237.131060917] [gz_ros_control]:  Desired controller update period (0.01 s) is slower than the gazebo simulation period (0 s).
[INFO] [spawner-10]: process started with pid [27682]
[INFO] [spawner-11]: process started with pid [27683]
[INFO] [spawner-12]: process started with pid [27684]
[spawner-10] [INFO] [1785145237.433600526] [spawner_joint_state_broadcaster]: waiting for service /controller_manager/list_controllers to become available...
[attachment_manager-8] [INFO] [1785145237.435501139] [attachment_manager]: all fruits detached at their initial poses; requesting Gazebo physics resume
[attachment_manager-8] [INFO] [1785145237.536102251] [attachment_manager]: attachment backend initialized with all fruits detached; Gazebo physics resumed
[gazebo-1] [INFO] [1785145237.936297017] [controller_manager]: Loading controller : 'joint_state_broadcaster' of type 'joint_state_broadcaster/JointStateBroadcaster'
[gazebo-1] [INFO] [1785145237.936346269] [controller_manager]: Loading controller 'joint_state_broadcaster'
[gazebo-1] [INFO] [1785145237.939740599] [controller_manager]: Controller 'joint_state_broadcaster' node arguments: --ros-args --params-file /home/lzl/.cache/strawberry_urp/colcon/install/strawberry_sim/share/strawberry_sim/config/panda_controllers.yaml -p use_sim_time:=true --param use_sim_time:=true 
[spawner-10] [INFO] [1785145237.967862132] [spawner_joint_state_broadcaster]: Loaded joint_state_broadcaster
[gazebo-1] [INFO] [1785145237.968961840] [controller_manager]: Configuring controller: 'joint_state_broadcaster'
[gazebo-1] [INFO] [1785145237.969168039] [joint_state_broadcaster]: 'joints' or 'interfaces' parameter is empty. All available state interfaces will be published
[gazebo-1] [INFO] [1785145237.978762579] [controller_manager]: Activating controllers: [ joint_state_broadcaster ]
[gazebo-1] [INFO] [1785145238.098998257] [controller_manager]: Successfully switched controllers!
[spawner-10] [INFO] [1785145238.109701832] [spawner_joint_state_broadcaster]: Configured and activated joint_state_broadcaster
[spawner-11] [INFO] [1785145238.189027553] [spawner_panda_arm_controller]: waiting for service /controller_manager/list_controllers to become available...
[INFO] [spawner-10]: process has finished cleanly [pid 27682]
[gazebo-1] [INFO] [1785145238.782269494] [controller_manager]: Loading controller : 'panda_arm_controller' of type 'joint_trajectory_controller/JointTrajectoryController'
[gazebo-1] [INFO] [1785145238.782328799] [controller_manager]: Loading controller 'panda_arm_controller'
[gazebo-1] [INFO] [1785145238.785996679] [controller_manager]: Controller 'panda_arm_controller' node arguments: --ros-args --params-file /home/lzl/.cache/strawberry_urp/colcon/install/strawberry_sim/share/strawberry_sim/config/panda_controllers.yaml -p use_sim_time:=true --param use_sim_time:=true 
[spawner-11] [INFO] [1785145238.847568705] [spawner_panda_arm_controller]: Loaded panda_arm_controller
[gazebo-1] [INFO] [1785145238.849556810] [controller_manager]: Configuring controller: 'panda_arm_controller'
[gazebo-1] [INFO] [1785145238.849957683] [panda_arm_controller]: No specific joint names are used for command interfaces. Using 'joints' parameter.
[gazebo-1] [INFO] [1785145238.850011179] [panda_arm_controller]: Command interfaces are [position] and state interfaces are [position velocity].
[gazebo-1] [INFO] [1785145238.850035237] [panda_arm_controller]: Using 'splines' interpolation method.
[gazebo-1] [INFO] [1785145238.852969324] [panda_arm_controller]: Action status changes will be monitored at 20.00 Hz.
[gazebo-1] [INFO] [1785145238.865799780] [panda_arm_controller]: Setting initial scaling factor to 1.000000
[gazebo-1] [INFO] [1785145238.865853697] [panda_arm_controller]: No scaling interface set. This controller will not read speed scaling from the hardware.
[gazebo-1] [INFO] [1785145238.868650872] [controller_manager]: Activating controllers: [ panda_arm_controller ]
[gazebo-1] [INFO] [1785145238.910431573] [controller_manager]: Successfully switched controllers!
[spawner-11] [INFO] [1785145238.920994546] [spawner_panda_arm_controller]: Configured and activated panda_arm_controller
[spawner-12] [INFO] [1785145238.996948283] [spawner_panda_gripper_controller]: waiting for service /controller_manager/list_controllers to become available...
[INFO] [spawner-11]: process has finished cleanly [pid 27683]
[gazebo-1] [1;32mMsg[0m [NameManager::issueNewName] (Skeleton::Joint | panda) The name [fixed] is a duplicate, so it has been renamed to [fixed(1)]
[gazebo-1] [1;32mMsg[0m [NameManager::issueNewName] (Skeleton::N4dart8dynamics9ShapeNodeE | panda) The name [fruit_link:fruit_collision] is a duplicate, so it has been renamed to [fruit_link:fruit_collision(1)]
[gazebo-1] [1;32mMsg[0m [NameManager::issueNewName] (Skeleton::Joint | panda) The name [fixed] is a duplicate, so it has been renamed to [fixed(2)]
[gazebo-1] [1;32mMsg[0m [NameManager::issueNewName] (Skeleton::N4dart8dynamics9ShapeNodeE | panda) The name [fruit_link:fruit_collision] is a duplicate, so it has been renamed to [fruit_link:fruit_collision(2)]
[gazebo-1] [INFO] [1785145242.001416289] [controller_manager]: Loading controller : 'panda_gripper_controller' of type 'parallel_gripper_action_controller/GripperActionController'
[gazebo-1] [INFO] [1785145242.001464669] [controller_manager]: Loading controller 'panda_gripper_controller'
[gazebo-1] [INFO] [1785145242.003649858] [controller_manager]: Controller 'panda_gripper_controller' node arguments: --ros-args --params-file /home/lzl/.cache/strawberry_urp/colcon/install/strawberry_sim/share/strawberry_sim/config/panda_controllers.yaml -p use_sim_time:=true --param use_sim_time:=true 
[spawner-12] [INFO] [1785145242.031487726] [spawner_panda_gripper_controller]: Loaded panda_gripper_controller
[gazebo-1] [INFO] [1785145242.033578147] [controller_manager]: Configuring controller: 'panda_gripper_controller'
[gazebo-1] [INFO] [1785145242.033677998] [panda_gripper_controller]: Action status changes will be monitored at 20.000000 Hz.
[gazebo-1] [INFO] [1785145242.033700598] [panda_gripper_controller]: Joint name is : panda_finger_joint1
[gazebo-1] [INFO] [1785145242.042254821] [controller_manager]: Activating controllers: [ panda_gripper_controller ]
[gazebo-1] [INFO] [1785145242.099860027] [controller_manager]: Successfully switched controllers!
[spawner-12] [INFO] [1785145242.152414719] [spawner_panda_gripper_controller]: Configured and activated panda_gripper_controller
[pick_and_place_server-9] [INFO] [1785145242.258371288] [strawberry_pick_and_place]: MoveIt static collision scene loaded: work_table, strawberry_planter, strawberry_plant_crown, collection_bin
[pick_and_place_server-9] [INFO] [1785145242.282650289] [strawberry_pick_and_place]: MoveIt fruit collision scene loaded: strawberry_fruit_1, strawberry_fruit_2, strawberry_fruit_3
[INFO] [spawner-12]: process has finished cleanly [pid 27684]
[gazebo-1] [INFO] [1785145242.771399246] [panda_arm_controller]: Received new action goal
[gazebo-1] [INFO] [1785145242.771472031] [panda_arm_controller]: Accepted new action goal
[gazebo-1] [INFO] [1785145269.397318555] [panda_arm_controller]: Goal reached, success!
[gazebo-1] [INFO] [1785145285.058991573] [controller_manager]: Received robot description from topic.
[gazebo-1] [WARN] [1785145285.059130656] [controller_manager]: ResourceManager has already loaded a urdf. Ignoring attempt to reload a robot description.
[pick_and_place_server-9] [INFO] [1785145291.029385893] [strawberry_pick_and_place]: MoveIt live fruit scene synchronized; target obstacle strawberry_fruit_1 enabled for transit
[gazebo-1] [INFO] [1785145291.030912382] [panda_gripper_controller]: Received & accepted new action goal
[pick_and_place_server-9] [INFO] [1785145291.139832320] [strawberry_pick_and_place]: MoveIt stage APPROACH
[pick_and_place_server-9] [INFO] [1785145291.231400277] [strawberry_pick_and_place]: MoveIt guarded approach phase: vertical lift
[gazebo-1] [INFO] [1785145291.235623693] [panda_arm_controller]: Received new action goal
[gazebo-1] [INFO] [1785145291.235721930] [panda_arm_controller]: Accepted new action goal
[gazebo-1] [INFO] [1785145297.091075083] [panda_arm_controller]: Goal reached, success!
[pick_and_place_server-9] [INFO] [1785145297.350645270] [strawberry_pick_and_place]: executed Cartesian endpoint pose error: 0.0000 m, 0.00 deg
[pick_and_place_server-9] [INFO] [1785145297.394102049] [strawberry_pick_and_place]: MoveIt guarded approach phase: in-place reorientation
[pick_and_place_server-9] [ERROR] [1785145297.420950048] [strawberry_pick_and_place]: MoveIt rejected interpolated collision state at Cartesian waypoint 9/18, sample 5/38
[pick_and_place_server-9] [INFO] [1785145297.421117105] [moveit_993339900.moveit.core.moveit_collision_detection_fcl]: Found a contact between 'collection_bin' (type 'Object') and 'panda_link4' (type 'Robot link'), which constitutes a collision. Contact information is not stored.
[pick_and_place_server-9] [INFO] [1785145297.421156837] [moveit_993339900.moveit.core.moveit_collision_detection_fcl]: Collision checking is considered complete (collision was found and 0 contacts are stored)
[pick_and_place_server-9] [INFO] [1785145297.438118003] [strawberry_pick_and_place]: MoveIt stage APPROACH_RETRY
[pick_and_place_server-9] [INFO] [1785145297.495450589] [strawberry_pick_and_place]: MoveIt guarded approach phase: vertical lift
[gazebo-1] [INFO] [1785145297.497078611] [panda_arm_controller]: Received new action goal
[gazebo-1] [INFO] [1785145297.497116104] [panda_arm_controller]: Accepted new action goal
[gazebo-1] [INFO] [1785145299.176203147] [panda_arm_controller]: Goal reached, success!
[pick_and_place_server-9] [INFO] [1785145299.456168710] [strawberry_pick_and_place]: executed Cartesian endpoint pose error: 0.0000 m, 0.00 deg
[pick_and_place_server-9] [INFO] [1785145299.480135148] [strawberry_pick_and_place]: MoveIt guarded approach phase: in-place reorientation
[gazebo-1] [INFO] [1785145299.484679224] [panda_arm_controller]: Received new action goal
[gazebo-1] [INFO] [1785145299.484733755] [panda_arm_controller]: Accepted new action goal
[gazebo-1] [INFO] [1785145312.103658977] [panda_arm_controller]: Goal reached, success!
[pick_and_place_server-9] [INFO] [1785145312.349063719] [strawberry_pick_and_place]: executed Cartesian endpoint pose error: 0.0000 m, 0.00 deg
[pick_and_place_server-9] [INFO] [1785145312.397843623] [strawberry_pick_and_place]: MoveIt guarded approach phase: move to clear corridor
[gazebo-1] [INFO] [1785145312.400268572] [panda_arm_controller]: Received new action goal
[gazebo-1] [INFO] [1785145312.400307468] [panda_arm_controller]: Accepted new action goal
[gazebo-1] [INFO] [1785145319.939671224] [panda_arm_controller]: Goal reached, success!
[pick_and_place_server-9] [INFO] [1785145320.157955467] [strawberry_pick_and_place]: executed Cartesian endpoint pose error: 0.0000 m, 0.00 deg
[pick_and_place_server-9] [INFO] [1785145320.207707752] [strawberry_pick_and_place]: MoveIt guarded approach phase: corridor translation
[gazebo-1] [INFO] [1785145320.211125648] [panda_arm_controller]: Received new action goal
[gazebo-1] [INFO] [1785145320.211169717] [panda_arm_controller]: Accepted new action goal
[gazebo-1] [INFO] [1785145329.869993314] [panda_arm_controller]: Goal reached, success!
[pick_and_place_server-9] [INFO] [1785145330.109986761] [strawberry_pick_and_place]: executed Cartesian endpoint pose error: 0.0000 m, 0.00 deg
[pick_and_place_server-9] [INFO] [1785145330.162703656] [strawberry_pick_and_place]: MoveIt guarded approach phase: align over target
[gazebo-1] [INFO] [1785145330.164356675] [panda_arm_controller]: Received new action goal
[gazebo-1] [INFO] [1785145330.164393593] [panda_arm_controller]: Accepted new action goal
[gazebo-1] [INFO] [1785145333.658763117] [panda_arm_controller]: Goal reached, success!
[pick_and_place_server-9] [INFO] [1785145333.884456306] [strawberry_pick_and_place]: executed Cartesian endpoint pose error: 0.0000 m, 0.00 deg
[pick_and_place_server-9] [INFO] [1785145333.915354478] [strawberry_pick_and_place]: MoveIt guarded approach phase: pre-grasp descent
[gazebo-1] [INFO] [1785145333.924044260] [panda_arm_controller]: Received new action goal
[gazebo-1] [INFO] [1785145333.924116933] [panda_arm_controller]: Accepted new action goal
[gazebo-1] [INFO] [1785145337.680233549] [panda_arm_controller]: Goal reached, success!
[pick_and_place_server-9] [INFO] [1785145337.959084559] [strawberry_pick_and_place]: executed Cartesian endpoint pose error: 0.0000 m, 0.00 deg
[pick_and_place_server-9] [INFO] [1785145338.020308949] [strawberry_pick_and_place]: MoveIt target obstacle strawberry_fruit_1 removed for grasp contact
[pick_and_place_server-9] [INFO] [1785145338.058039817] [strawberry_pick_and_place]: MoveIt stage GRASP_POSE
[gazebo-1] [INFO] [1785145338.062882689] [panda_arm_controller]: Received new action goal
[gazebo-1] [INFO] [1785145338.062947766] [panda_arm_controller]: Accepted new action goal
[gazebo-1] [INFO] [1785145351.330167375] [panda_arm_controller]: Goal reached, success!
[pick_and_place_server-9] [INFO] [1785145351.618789597] [strawberry_pick_and_place]: executed Cartesian endpoint pose error: 0.0000 m, 0.00 deg
[gazebo-1] [INFO] [1785145351.619435271] [panda_gripper_controller]: Received & accepted new action goal
[pick_and_place_server-9] [ERROR] [1785145352.377784693] [strawberry_pick_and_place]: simulation attach failed for target 1: left gripper contact is not active
[gazebo-1] [INFO] [1785145352.378446174] [panda_gripper_controller]: Received & accepted new action goal
[pick_and_place_server-9] [INFO] [1785145352.584954881] [strawberry_moveit_py]: Calling PlanningRequestAdapter 'ResolveConstraintFrames'
[pick_and_place_server-9] [INFO] [1785145352.585127917] [strawberry_moveit_py]: Calling PlanningRequestAdapter 'ValidateWorkspaceBounds'
[pick_and_place_server-9] [WARN] [1785145352.585135500] [moveit_993339900.moveit.ros.validate_workspace_bounds]: It looks like the planning volume was not specified. Using default values.
[pick_and_place_server-9] [INFO] [1785145352.585160369] [strawberry_moveit_py]: Calling PlanningRequestAdapter 'CheckStartStateBounds'
[pick_and_place_server-9] [INFO] [1785145352.585179124] [strawberry_moveit_py]: Calling PlanningRequestAdapter 'CheckStartStateCollision'
[pick_and_place_server-9] [INFO] [1785145352.585809224] [moveit_993339900.moveit.planners.ompl.model_based_planning_context]: Planner configuration 'panda_arm[RRTConnectkConfigDefault]' will use planner 'geometric::RRTConnect'. Additional configuration parameters will be set when the planner is constructed.
[pick_and_place_server-9] [INFO] [1785145352.585939274] [strawberry_moveit_py]: Calling Planner 'OMPL'
[pick_and_place_server-9] [INFO] [1785145352.589541476] [strawberry_moveit_py]: Calling PlanningResponseAdapter 'AddTimeOptimalParameterization'
[pick_and_place_server-9] [INFO] [1785145352.590250784] [strawberry_moveit_py]: Calling PlanningResponseAdapter 'ValidateSolution'
[pick_and_place_server-9] [INFO] [1785145352.590722191] [moveit_993339900.moveit.plugins.simple_controller_manager]: Returned 1 controllers in list
[pick_and_place_server-9] [INFO] [1785145352.590738009] [moveit_993339900.moveit.plugins.simple_controller_manager]: Returned 1 controllers in list
[pick_and_place_server-9] [INFO] [1785145352.590785625] [moveit_993339900.moveit.plugins.simple_controller_manager]: Returned 1 controllers in list
[pick_and_place_server-9] [INFO] [1785145352.590794465] [moveit_993339900.moveit.plugins.simple_controller_manager]: Returned 1 controllers in list
[pick_and_place_server-9] [INFO] [1785145352.590878874] [moveit_993339900.moveit.ros.trajectory_execution_manager]: Validating trajectory with allowed_start_tolerance 0.01
[pick_and_place_server-9] [INFO] [1785145352.599967152] [moveit_993339900.moveit.ros.trajectory_execution_manager]: Starting trajectory execution ...
[pick_and_place_server-9] [INFO] [1785145352.600053968] [moveit_993339900.moveit.plugins.simple_controller_manager]: Returned 1 controllers in list
[pick_and_place_server-9] [INFO] [1785145352.600067142] [moveit_993339900.moveit.plugins.simple_controller_manager]: Returned 1 controllers in list
[pick_and_place_server-9] [INFO] [1785145352.600293876] [moveit.simple_controller_manager.follow_joint_trajectory_controller_handle]: sending trajectory to panda_arm_controller
[gazebo-1] [INFO] [1785145352.600761116] [panda_arm_controller]: Received new action goal
[gazebo-1] [INFO] [1785145352.600787462] [panda_arm_controller]: Accepted new action goal
[pick_and_place_server-9] [INFO] [1785145352.601072051] [moveit.simple_controller_manager.follow_joint_trajectory_controller_handle]: panda_arm_controller started execution
[pick_and_place_server-9] [INFO] [1785145352.601090919] [moveit.simple_controller_manager.follow_joint_trajectory_controller_handle]: Goal request accepted!
[gazebo-1] [INFO] [1785145356.675187297] [panda_arm_controller]: Goal reached, success!
[pick_and_place_server-9] [INFO] [1785145356.701748381] [moveit.simple_controller_manager.follow_joint_trajectory_controller_handle]: Controller 'panda_arm_controller' successfully finished
[pick_and_place_server-9] [INFO] [1785145356.791266024] [moveit_993339900.moveit.ros.trajectory_execution_manager]: Completed trajectory execution with status SUCCEEDED ...
[pick_and_place_server-9] [INFO] [1785145356.841315043] [strawberry_pick_and_place]: MoveIt target obstacle strawberry_fruit_1 restored from live truth
