[WARN] [1785145275.578957906] [strawberry_pick_wrist_localization]: sensor acquisition is stale; detection_stamp_sec=15.114000; cache={"camera_info_count": 39, "depth_count": 28, "latest_camera_info_stamp_sec": 15.973, "latest_depth_stamp_sec": 15.906, "nearest_camera_info_delta_sec": 0.0, "nearest_depth_delta_sec": 0.0}
[WARN] [1785145277.947357755] [strawberry_pick_wrist_localization]: used bounded stationary sensor-sync fallback; detection_stamp_sec=16.996000; depth_delta_sec=-0.067000; camera_info_delta_sec=0.000000
[WARN] [1785145279.288404957] [strawberry_pick_wrist_localization]: used bounded stationary sensor-sync fallback; detection_stamp_sec=17.557000; depth_delta_sec=-0.066000; camera_info_delta_sec=0.000000
[WARN] [1785145280.199359116] [strawberry_pick_wrist_localization]: used bounded stationary sensor-sync fallback; detection_stamp_sec=17.919000; depth_delta_sec=-0.065000; camera_info_delta_sec=0.000000
[WARN] [1785145280.764740925] [strawberry_pick_wrist_localization]: used bounded stationary sensor-sync fallback; detection_stamp_sec=18.184000; depth_delta_sec=-0.067000; camera_info_delta_sec=0.000000
[WARN] [1785145283.751383135] [strawberry_pick_wrist_localization]: used bounded stationary sensor-sync fallback; detection_stamp_sec=19.471000; depth_delta_sec=-0.067000; camera_info_delta_sec=0.000000
[WARN] [1785145283.868876788] [strawberry_pick_wrist_localization]: used bounded stationary sensor-sync fallback; detection_stamp_sec=19.503000; depth_delta_sec=-0.099000; camera_info_delta_sec=0.000000
[WARN] [1785145284.405706241] [strawberry_pick_wrist_localization]: deferred localization until coherent inputs arrive; TF transform failed: Lookup would require extrapolation into the future.  Requested time 19.669000 but the latest data is at time 19.660000, when looking up transform from frame [strawberry_wrist_camera_optical_frame] to frame [panda_link0]; stationary_fallback_allowed=True; arm_stationary=False; joint_state_wall_age_sec=0.2649570719986514
[INFO] [1785145284.633729993] [strawberry_pick_wrist_localization]: recovered deferred localization; detection_stamp_sec=19.669000
[WARN] [1785145284.681766002] [strawberry_pick_wrist_localization]: used bounded stationary sensor-sync fallback; detection_stamp_sec=19.735000; depth_delta_sec=-0.066000; camera_info_delta_sec=-0.066000
[WARN] [1785145285.408184124] [strawberry_pick_wrist_localization]: deferred localization until coherent inputs arrive; TF transform failed: Lookup would require extrapolation into the future.  Requested time 20.098000 but the latest data is at time 20.080000, when looking up transform from frame [strawberry_wrist_camera_optical_frame] to frame [panda_link0]; stationary_fallback_allowed=True; arm_stationary=False; joint_state_wall_age_sec=0.2971110799990129
[INFO] [1785145285.494955489] [strawberry_pick_wrist_localization]: recovered deferred localization; detection_stamp_sec=20.098000
[WARN] [1785145286.374274881] [strawberry_pick_wrist_localization]: used bounded stationary sensor-sync fallback; detection_stamp_sec=20.593000; depth_delta_sec=-0.067000; camera_info_delta_sec=0.000000
[WARN] [1785145286.523445483] [strawberry_pick_wrist_localization]: used bounded stationary sensor-sync fallback; detection_stamp_sec=20.625000; depth_delta_sec=-0.099000; camera_info_delta_sec=0.000000
[WARN] [1785145292.404944197] [strawberry_pick_wrist_localization]: deferred localization until coherent inputs arrive; no synchronized depth/CameraInfo pair matches the detection; detection_stamp_sec=23.100000; cache={"camera_info_count": 60, "depth_count": 50, "latest_camera_info_stamp_sec": 23.134, "latest_depth_stamp_sec": 23.035, "nearest_camera_info_delta_sec": 0.0, "nearest_depth_delta_sec": -0.06500000000000128}
[INFO] [1785145292.464444773] [strawberry_pick_wrist_localization]: recovered deferred localization; detection_stamp_sec=23.100000
[WARN] [1785145294.827143521] [strawberry_pick_wrist_localization]: deferred localization until coherent inputs arrive; no synchronized depth/CameraInfo pair matches the detection; detection_stamp_sec=24.157000; cache={"camera_info_count": 60, "depth_count": 48, "latest_camera_info_stamp_sec": 24.19, "latest_depth_stamp_sec": 24.091, "nearest_camera_info_delta_sec": 0.0, "nearest_depth_delta_sec": -0.06599999999999895}
[INFO] [1785145294.955717548] [strawberry_pick_wrist_localization]: recovered deferred localization; detection_stamp_sec=24.157000
[WARN] [1785145296.670099332] [strawberry_pick_wrist_localization]: deferred localization until coherent inputs arrive; no synchronized depth/CameraInfo pair matches the detection; detection_stamp_sec=24.915000; cache={"camera_info_count": 60, "depth_count": 49, "latest_camera_info_stamp_sec": 24.949, "latest_depth_stamp_sec": 24.85, "nearest_camera_info_delta_sec": 0.0, "nearest_depth_delta_sec": -0.06499999999999773}
[INFO] [1785145296.698055175] [strawberry_pick_wrist_localization]: recovered deferred localization; detection_stamp_sec=24.915000
[WARN] [1785145297.452123095] [strawberry_pick_wrist_localization]: used bounded stationary sensor-sync fallback; detection_stamp_sec=25.279000; depth_delta_sec=-0.067000; camera_info_delta_sec=0.000000
[WARN] [1785145300.262493544] [strawberry_pick_wrist_localization]: deferred localization until coherent inputs arrive; no synchronized depth/CameraInfo pair matches the detection; detection_stamp_sec=26.467000; cache={"camera_info_count": 59, "depth_count": 50, "latest_camera_info_stamp_sec": 26.467, "latest_depth_stamp_sec": 26.4, "nearest_camera_info_delta_sec": 0.0, "nearest_depth_delta_sec": -0.06700000000000017}
[INFO] [1785145300.430603077] [strawberry_pick_wrist_localization]: recovered deferred localization; detection_stamp_sec=26.467000
[WARN] [1785145302.991387591] [strawberry_pick_wrist_localization]: deferred localization until coherent inputs arrive; no synchronized depth/CameraInfo pair matches the detection; detection_stamp_sec=27.589000; cache={"camera_info_count": 60, "depth_count": 52, "latest_camera_info_stamp_sec": 27.589, "latest_depth_stamp_sec": 27.49, "nearest_camera_info_delta_sec": 0.0, "nearest_depth_delta_sec": -0.0990000000000002}
[INFO] [1785145303.080347014] [strawberry_pick_wrist_localization]: recovered deferred localization; detection_stamp_sec=27.589000
