WARNING:root:[33;21mCannot infer URDF from `/home/lzl/.cache/strawberry_urp/colcon/install/strawberry_manipulation/share/strawberry_manipulation`. -- using config/panda.urdf[0m
WARNING:root:[33;21mCannot infer SRDF from `/home/lzl/.cache/strawberry_urp/colcon/install/strawberry_manipulation/share/strawberry_manipulation`. -- using config/panda.srdf[0m
[INFO] [1785124877.470572389] [moveit_2421529755.moveit.py.cpp_initializer]: Initialize rclcpp
[INFO] [1785124877.470958504] [moveit_2421529755.moveit.py.cpp_initializer]: Initialize node parameters
[INFO] [1785124877.471225379] [moveit_2421529755.moveit.py.cpp_initializer]: Initialize node and executor
[INFO] [1785124877.479673579] [moveit_2421529755.moveit.py.cpp_initializer]: Spin separate thread
[INFO] [1785124877.484131964] [moveit_2421529755.moveit.ros.rdf_loader]: Loaded robot model in 0 seconds
[INFO] [1785124877.484627449] [moveit_2421529755.moveit.core.robot_model]: Loading robot model 'panda'...
[INFO] [1785124877.484866657] [moveit_2421529755.moveit.core.robot_model]: No root/virtual joint specified in SRDF. Assuming fixed joint
[INFO] [1785124877.494462766] [moveit_2421529755.moveit.kinematics.kdl_kinematics_plugin]: Joint weights for group 'panda_arm': 1 1 1 1 1 1 1
[INFO] [1785124877.525403141] [moveit_2421529755.moveit.ros.planning_scene_monitor]: Publishing maintained planning scene on 'monitored_planning_scene'
[INFO] [1785124877.526118678] [moveit_2421529755.moveit.ros.moveit_cpp]: Listening to 'joint_states' for joint states
[INFO] [1785124877.527204530] [moveit_2421529755.moveit.ros.current_state_monitor]: Listening to joint states on topic 'joint_states'
[INFO] [1785124877.528597254] [moveit_2421529755.moveit.ros.planning_scene_monitor]: Listening to '/attached_collision_object' for attached collision objects
[INFO] [1785124877.529142699] [moveit_2421529755.moveit.ros.planning_scene_monitor]: Stopping existing planning scene publisher.
[INFO] [1785124877.529746456] [moveit_2421529755.moveit.ros.planning_scene_monitor]: Stopped publishing maintained planning scene.
[INFO] [1785124877.530572624] [moveit_2421529755.moveit.ros.planning_scene_monitor]: Publishing maintained planning scene on 'monitored_planning_scene'
[INFO] [1785124877.531327724] [moveit_2421529755.moveit.ros.planning_scene_monitor]: Starting planning scene monitor
[INFO] [1785124877.531887082] [moveit_2421529755.moveit.ros.planning_scene_monitor]: Listening to '/planning_scene'
[INFO] [1785124877.532221742] [moveit_2421529755.moveit.ros.planning_scene_monitor]: Starting world geometry update monitor for collision objects, attached objects, octomap updates.
[INFO] [1785124877.534239736] [moveit_2421529755.moveit.ros.planning_scene_monitor]: Listening to 'collision_object'
[INFO] [1785124877.534925903] [moveit_2421529755.moveit.ros.planning_scene_monitor]: Listening to 'planning_scene_world' for planning scene world geometry
[WARN] [1785124877.535598600] [moveit_2421529755.moveit.ros.occupancy_map_monitor]: Resolution not specified for Octomap. Assuming resolution = 0.1 instead
[ERROR] [1785124877.536346549] [moveit_2421529755.moveit.ros.occupancy_map_monitor]: No 3D sensor plugin(s) defined for octomap updates
[INFO] [1785124877.548082835] [moveit_2421529755.moveit.ros.planning_pipeline]: Successfully loaded planner 'OMPL'
[INFO] [1785124877.548961240] [strawberry_moveit_py]: Try loading adapter 'default_planning_request_adapters/ResolveConstraintFrames'
[INFO] [1785124877.550516629] [strawberry_moveit_py]: Loaded adapter 'default_planning_request_adapters/ResolveConstraintFrames'
[INFO] [1785124877.552559108] [strawberry_moveit_py]: Try loading adapter 'default_planning_request_adapters/ValidateWorkspaceBounds'
[INFO] [1785124877.553629180] [strawberry_moveit_py]: Loaded adapter 'default_planning_request_adapters/ValidateWorkspaceBounds'
[INFO] [1785124877.554222904] [strawberry_moveit_py]: Try loading adapter 'default_planning_request_adapters/CheckStartStateBounds'
[INFO] [1785124877.554594099] [strawberry_moveit_py]: Loaded adapter 'default_planning_request_adapters/CheckStartStateBounds'
[INFO] [1785124877.554873051] [strawberry_moveit_py]: Try loading adapter 'default_planning_request_adapters/CheckStartStateCollision'
[INFO] [1785124877.555395053] [strawberry_moveit_py]: Loaded adapter 'default_planning_request_adapters/CheckStartStateCollision'
[INFO] [1785124877.556428025] [strawberry_moveit_py]: Try loading adapter 'default_planning_response_adapters/AddTimeOptimalParameterization'
[INFO] [1785124877.559459507] [strawberry_moveit_py]: Loaded adapter 'default_planning_response_adapters/AddTimeOptimalParameterization'
[INFO] [1785124877.560118215] [strawberry_moveit_py]: Try loading adapter 'default_planning_response_adapters/ValidateSolution'
[INFO] [1785124877.563232436] [strawberry_moveit_py]: Loaded adapter 'default_planning_response_adapters/ValidateSolution'
[INFO] [1785124877.588643442] [moveit_2421529755.moveit.plugins.simple_controller_manager]: Added FollowJointTrajectory controller for panda_arm_controller
[INFO] [1785124877.589550354] [moveit_2421529755.moveit.plugins.simple_controller_manager]: Returned 1 controllers in list
[INFO] [1785124877.589809358] [moveit_2421529755.moveit.plugins.simple_controller_manager]: Returned 1 controllers in list
[INFO] [1785124877.591010110] [moveit_2421529755.moveit.ros.trajectory_execution_manager]: Trajectory execution is not managing controllers
[INFO] [1785124878.198147237] [strawberry_wrist_observation_pose]: MoveIt static collision scene loaded: work_table, strawberry_planter, strawberry_plant_crown, collection_bin
[INFO] [1785124878.228659511] [strawberry_wrist_observation_pose]: MoveIt fruit collision scene loaded: strawberry_fruit_1, strawberry_fruit_2, strawberry_fruit_3
[INFO] [1785124878.255304913] [strawberry_wrist_observation_pose]: MoveIt stage WRIST_OBSERVATION
[INFO] [1785124878.407015486] [strawberry_moveit_py]: Calling PlanningRequestAdapter 'ResolveConstraintFrames'
[INFO] [1785124878.407881826] [strawberry_moveit_py]: Calling PlanningRequestAdapter 'ValidateWorkspaceBounds'
[WARN] [1785124878.408167578] [moveit_2421529755.moveit.ros.validate_workspace_bounds]: It looks like the planning volume was not specified. Using default values.
[INFO] [1785124878.408695992] [strawberry_moveit_py]: Calling PlanningRequestAdapter 'CheckStartStateBounds'
[INFO] [1785124878.409129768] [strawberry_moveit_py]: Calling PlanningRequestAdapter 'CheckStartStateCollision'
[INFO] [1785124878.410252979] [moveit_2421529755.moveit.planners.ompl.model_based_planning_context]: Planner configuration 'panda_arm[RRTConnectkConfigDefault]' will use planner 'geometric::RRTConnect'. Additional configuration parameters will be set when the planner is constructed.
[INFO] [1785124878.411535236] [strawberry_moveit_py]: Calling Planner 'OMPL'
[INFO] [1785124878.427832212] [strawberry_moveit_py]: Calling PlanningResponseAdapter 'AddTimeOptimalParameterization'
[INFO] [1785124878.430103949] [strawberry_moveit_py]: Calling PlanningResponseAdapter 'ValidateSolution'
[INFO] [1785124878.452801914] [strawberry_wrist_observation_pose]: planned endpoint pose error: 0.0009 m, 0.23 deg
[INFO] [1785124902.009966261] [strawberry_wrist_observation_pose]: executed endpoint pose error: 0.0009 m, 0.23 deg
