[WARN] [1785124908.122400296] [strawberry_wrist_attention_localization]: sensor acquisition is stale; detection_stamp_sec=21.187000; cache={"camera_info_count": 53, "depth_count": 38, "latest_camera_info_stamp_sec": 22.177, "latest_depth_stamp_sec": 22.177, "nearest_camera_info_delta_sec": 0.0, "nearest_depth_delta_sec": 0.0}
[WARN] [1785124908.197035347] [strawberry_wrist_attention_localization]: sensor acquisition is stale; detection_stamp_sec=21.318000; cache={"camera_info_count": 56, "depth_count": 40, "latest_camera_info_stamp_sec": 22.276, "latest_depth_stamp_sec": 22.276, "nearest_camera_info_delta_sec": 0.0, "nearest_depth_delta_sec": -0.03200000000000003}
[WARN] [1785124908.310994645] [strawberry_wrist_attention_localization]: sensor acquisition is stale; detection_stamp_sec=21.583000; cache={"camera_info_count": 58, "depth_count": 40, "latest_camera_info_stamp_sec": 22.342, "latest_depth_stamp_sec": 22.276, "nearest_camera_info_delta_sec": 0.0, "nearest_depth_delta_sec": 0.0}
[WARN] [1785124908.339567887] [strawberry_wrist_attention_localization]: no synchronized depth/CameraInfo pair matches the detection; detection_stamp_sec=21.714000; cache={"camera_info_count": 59, "depth_count": 42, "latest_camera_info_stamp_sec": 22.375, "latest_depth_stamp_sec": 22.342, "nearest_camera_info_delta_sec": 0.0, "nearest_depth_delta_sec": -0.06499999999999773}
[WARN] [1785124908.379029429] [strawberry_wrist_attention_localization]: sensor acquisition is stale; detection_stamp_sec=21.781000; cache={"camera_info_count": 59, "depth_count": 42, "latest_camera_info_stamp_sec": 22.375, "latest_depth_stamp_sec": 22.342, "nearest_camera_info_delta_sec": 0.0, "nearest_depth_delta_sec": 0.03200000000000003}
[WARN] [1785124909.092169462] [strawberry_wrist_attention_localization]: used bounded stationary sensor-sync fallback; detection_stamp_sec=22.639000; depth_delta_sec=-0.066000; camera_info_delta_sec=0.000000
[WARN] [1785124910.234112812] [strawberry_wrist_attention_localization]: used bounded stationary sensor-sync fallback; detection_stamp_sec=23.068000; depth_delta_sec=-0.099000; camera_info_delta_sec=0.000000
[WARN] [1785124916.848911061] [strawberry_wrist_attention_localization]: used bounded stationary sensor-sync fallback; detection_stamp_sec=25.675000; depth_delta_sec=-0.067000; camera_info_delta_sec=0.000000
[WARN] [1785124923.989809076] [strawberry_wrist_attention_localization]: used bounded stationary sensor-sync fallback; detection_stamp_sec=28.512000; depth_delta_sec=-0.099000; camera_info_delta_sec=0.000000
[WARN] [1785124926.755612221] [strawberry_wrist_attention_localization]: used bounded stationary sensor-sync fallback; detection_stamp_sec=29.601000; depth_delta_sec=-0.065000; camera_info_delta_sec=0.000000
[WARN] [1785124927.331783529] [strawberry_wrist_attention_localization]: used bounded stationary sensor-sync fallback; detection_stamp_sec=29.833000; depth_delta_sec=-0.066000; camera_info_delta_sec=0.000000
[WARN] [1785124928.389737565] [strawberry_wrist_attention_localization]: used bounded stationary sensor-sync fallback; detection_stamp_sec=30.228000; depth_delta_sec=-0.065000; camera_info_delta_sec=0.000000
[WARN] [1785124930.566535816] [strawberry_wrist_attention_localization]: used bounded stationary sensor-sync fallback; detection_stamp_sec=31.153000; depth_delta_sec=-0.066000; camera_info_delta_sec=0.000000
[WARN] [1785124931.342208483] [strawberry_wrist_attention_localization]: used bounded stationary sensor-sync fallback; detection_stamp_sec=31.450000; depth_delta_sec=-0.066000; camera_info_delta_sec=0.000000
[WARN] [1785124932.717389572] [strawberry_wrist_attention_localization]: used bounded stationary sensor-sync fallback; detection_stamp_sec=31.978000; depth_delta_sec=-0.067000; camera_info_delta_sec=0.000000
[WARN] [1785124935.063987062] [strawberry_wrist_attention_localization]: used bounded stationary sensor-sync fallback; detection_stamp_sec=32.802000; depth_delta_sec=-0.099000; camera_info_delta_sec=0.000000
[WARN] [1785124936.364323028] [strawberry_wrist_attention_localization]: used bounded stationary sensor-sync fallback; detection_stamp_sec=33.397000; depth_delta_sec=-0.067000; camera_info_delta_sec=0.000000
[WARN] [1785124937.439508288] [strawberry_wrist_attention_localization]: deferred localization until coherent inputs arrive; no synchronized depth/CameraInfo pair matches the detection; detection_stamp_sec=33.825000; cache={"camera_info_count": 60, "depth_count": 37, "latest_camera_info_stamp_sec": 33.859, "latest_depth_stamp_sec": 33.694, "nearest_camera_info_delta_sec": 0.0, "nearest_depth_delta_sec": -0.13100000000000023}
[INFO] [1785124937.492797260] [strawberry_wrist_attention_localization]: recovered deferred localization; detection_stamp_sec=33.825000
[WARN] [1785124939.286650148] [strawberry_wrist_attention_localization]: used bounded stationary sensor-sync fallback; detection_stamp_sec=34.585000; depth_delta_sec=-0.067000; camera_info_delta_sec=0.000000
[WARN] [1785124939.409347334] [strawberry_wrist_attention_localization]: used bounded stationary sensor-sync fallback; detection_stamp_sec=34.617000; depth_delta_sec=-0.099000; camera_info_delta_sec=0.000000
[WARN] [1785124939.460687478] [strawberry_wrist_attention_localization]: deferred localization until coherent inputs arrive; no synchronized depth/CameraInfo pair matches the detection; detection_stamp_sec=34.651000; cache={"camera_info_count": 60, "depth_count": 35, "latest_camera_info_stamp_sec": 34.684, "latest_depth_stamp_sec": 34.518, "nearest_camera_info_delta_sec": 0.0, "nearest_depth_delta_sec": -0.13300000000000267}
[WARN] [1785124939.540749705] [strawberry_wrist_attention_localization]: deferred localization until coherent inputs arrive; no synchronized depth/CameraInfo pair matches the detection; detection_stamp_sec=34.684000; cache={"camera_info_count": 60, "depth_count": 34, "latest_camera_info_stamp_sec": 34.684, "latest_depth_stamp_sec": 34.518, "nearest_camera_info_delta_sec": 0.0, "nearest_depth_delta_sec": -0.16599999999999682}
[WARN] [1785124939.660989409] [strawberry_wrist_attention_localization]: deferred localization until coherent inputs arrive; no synchronized depth/CameraInfo pair matches the detection; detection_stamp_sec=34.716000; cache={"camera_info_count": 60, "depth_count": 34, "latest_camera_info_stamp_sec": 34.75, "latest_depth_stamp_sec": 34.518, "nearest_camera_info_delta_sec": 0.0, "nearest_depth_delta_sec": -0.1980000000000004}
[WARN] [1785124939.722256571] [strawberry_wrist_attention_localization]: deferred localization until coherent inputs arrive; no synchronized depth/CameraInfo pair matches the detection; detection_stamp_sec=34.750000; cache={"camera_info_count": 60, "depth_count": 34, "latest_camera_info_stamp_sec": 34.783, "latest_depth_stamp_sec": 34.518, "nearest_camera_info_delta_sec": 0.0, "nearest_depth_delta_sec": -0.23199999999999932}
[WARN] [1785124939.777702556] [strawberry_wrist_attention_localization]: deferred localization until coherent inputs arrive; no synchronized depth/CameraInfo pair matches the detection; detection_stamp_sec=34.783000; cache={"camera_info_count": 60, "depth_count": 34, "latest_camera_info_stamp_sec": 34.783, "latest_depth_stamp_sec": 34.518, "nearest_camera_info_delta_sec": 0.0, "nearest_depth_delta_sec": -0.26500000000000057}
[WARN] [1785124939.998295801] [strawberry_wrist_attention_localization]: used bounded stationary sensor-sync fallback; detection_stamp_sec=34.783000; depth_delta_sec=0.099000; camera_info_delta_sec=0.000000
[INFO] [1785124940.021420833] [strawberry_wrist_attention_localization]: recovered deferred localization; detection_stamp_sec=34.783000
[WARN] [1785124940.667947257] [strawberry_wrist_attention_localization]: deferred localization expired; no synchronized depth/CameraInfo pair matches the detection; detection_stamp_sec=34.651000; cache={"camera_info_count": 60, "depth_count": 32, "latest_camera_info_stamp_sec": 35.112, "latest_depth_stamp_sec": 35.047, "nearest_camera_info_delta_sec": 0.0, "nearest_depth_delta_sec": -0.13300000000000267}
[WARN] [1785124940.730961550] [strawberry_wrist_attention_localization]: deferred localization expired; no synchronized depth/CameraInfo pair matches the detection; detection_stamp_sec=34.684000; cache={"camera_info_count": 60, "depth_count": 32, "latest_camera_info_stamp_sec": 35.146, "latest_depth_stamp_sec": 35.146, "nearest_camera_info_delta_sec": 0.0, "nearest_depth_delta_sec": -0.16599999999999682}
[WARN] [1785124940.896594773] [strawberry_wrist_attention_localization]: deferred localization expired; no synchronized depth/CameraInfo pair matches the detection; detection_stamp_sec=34.716000; cache={"camera_info_count": 60, "depth_count": 32, "latest_camera_info_stamp_sec": 35.211, "latest_depth_stamp_sec": 35.179, "nearest_camera_info_delta_sec": 0.0, "nearest_depth_delta_sec": 0.16599999999999682}
[WARN] [1785124940.925044001] [strawberry_wrist_attention_localization]: deferred localization expired; no synchronized depth/CameraInfo pair matches the detection; detection_stamp_sec=34.750000; cache={"camera_info_count": 60, "depth_count": 31, "latest_camera_info_stamp_sec": 35.245, "latest_depth_stamp_sec": 35.179, "nearest_camera_info_delta_sec": 0.0, "nearest_depth_delta_sec": 0.1319999999999979}
[WARN] [1785124941.111903404] [strawberry_wrist_attention_localization]: used bounded stationary sensor-sync fallback; detection_stamp_sec=35.245000; depth_delta_sec=-0.066000; camera_info_delta_sec=0.000000
