WARNING:root:[33;21mCannot infer URDF from `/home/lzl/.cache/strawberry_urp/colcon/install/strawberry_manipulation/share/strawberry_manipulation`. -- using config/panda.urdf[0m
WARNING:root:[33;21mCannot infer SRDF from `/home/lzl/.cache/strawberry_urp/colcon/install/strawberry_manipulation/share/strawberry_manipulation`. -- using config/panda.srdf[0m
[INFO] [1785200058.350516758] [moveit_2818106355.moveit.py.cpp_initializer]: Initialize rclcpp
[INFO] [1785200058.350977646] [moveit_2818106355.moveit.py.cpp_initializer]: Initialize node parameters
[INFO] [1785200058.351184737] [moveit_2818106355.moveit.py.cpp_initializer]: Initialize node and executor
[INFO] [1785200058.360971908] [moveit_2818106355.moveit.py.cpp_initializer]: Spin separate thread
[INFO] [1785200058.365127285] [moveit_2818106355.moveit.ros.rdf_loader]: Loaded robot model in 0 seconds
[INFO] [1785200058.365551681] [moveit_2818106355.moveit.core.robot_model]: Loading robot model 'panda'...
[INFO] [1785200058.365852813] [moveit_2818106355.moveit.core.robot_model]: No root/virtual joint specified in SRDF. Assuming fixed joint
[INFO] [1785200058.371661336] [moveit_2818106355.moveit.kinematics.kdl_kinematics_plugin]: Joint weights for group 'panda_arm': 1 1 1 1 1 1 1
[INFO] [1785200058.395262110] [moveit_2818106355.moveit.ros.planning_scene_monitor]: Publishing maintained planning scene on 'monitored_planning_scene'
[INFO] [1785200058.396072950] [moveit_2818106355.moveit.ros.moveit_cpp]: Listening to 'joint_states' for joint states
[INFO] [1785200058.397355702] [moveit_2818106355.moveit.ros.current_state_monitor]: Listening to joint states on topic 'joint_states'
[INFO] [1785200058.398273775] [moveit_2818106355.moveit.ros.planning_scene_monitor]: Listening to '/attached_collision_object' for attached collision objects
[INFO] [1785200058.398800255] [moveit_2818106355.moveit.ros.planning_scene_monitor]: Stopping existing planning scene publisher.
[INFO] [1785200058.400561599] [moveit_2818106355.moveit.ros.planning_scene_monitor]: Stopped publishing maintained planning scene.
[INFO] [1785200058.401586927] [moveit_2818106355.moveit.ros.planning_scene_monitor]: Publishing maintained planning scene on 'monitored_planning_scene'
[INFO] [1785200058.402240818] [moveit_2818106355.moveit.ros.planning_scene_monitor]: Starting planning scene monitor
[INFO] [1785200058.402909388] [moveit_2818106355.moveit.ros.planning_scene_monitor]: Listening to '/planning_scene'
[INFO] [1785200058.403114998] [moveit_2818106355.moveit.ros.planning_scene_monitor]: Starting world geometry update monitor for collision objects, attached objects, octomap updates.
[INFO] [1785200058.404637685] [moveit_2818106355.moveit.ros.planning_scene_monitor]: Listening to 'collision_object'
[INFO] [1785200058.405798395] [moveit_2818106355.moveit.ros.planning_scene_monitor]: Listening to 'planning_scene_world' for planning scene world geometry
[WARN] [1785200058.406527752] [moveit_2818106355.moveit.ros.occupancy_map_monitor]: Resolution not specified for Octomap. Assuming resolution = 0.1 instead
[ERROR] [1785200058.407382965] [moveit_2818106355.moveit.ros.occupancy_map_monitor]: No 3D sensor plugin(s) defined for octomap updates
[INFO] [1785200058.416962399] [moveit_2818106355.moveit.ros.planning_pipeline]: Successfully loaded planner 'OMPL'
[INFO] [1785200058.418717728] [strawberry_moveit_py]: Try loading adapter 'default_planning_request_adapters/ResolveConstraintFrames'
[INFO] [1785200058.420280988] [strawberry_moveit_py]: Loaded adapter 'default_planning_request_adapters/ResolveConstraintFrames'
[INFO] [1785200058.420733096] [strawberry_moveit_py]: Try loading adapter 'default_planning_request_adapters/ValidateWorkspaceBounds'
[INFO] [1785200058.421472582] [strawberry_moveit_py]: Loaded adapter 'default_planning_request_adapters/ValidateWorkspaceBounds'
[INFO] [1785200058.421855075] [strawberry_moveit_py]: Try loading adapter 'default_planning_request_adapters/CheckStartStateBounds'
[INFO] [1785200058.422236793] [strawberry_moveit_py]: Loaded adapter 'default_planning_request_adapters/CheckStartStateBounds'
[INFO] [1785200058.422453174] [strawberry_moveit_py]: Try loading adapter 'default_planning_request_adapters/CheckStartStateCollision'
[INFO] [1785200058.422840433] [strawberry_moveit_py]: Loaded adapter 'default_planning_request_adapters/CheckStartStateCollision'
[INFO] [1785200058.423967664] [strawberry_moveit_py]: Try loading adapter 'default_planning_response_adapters/AddTimeOptimalParameterization'
[INFO] [1785200058.426377816] [strawberry_moveit_py]: Loaded adapter 'default_planning_response_adapters/AddTimeOptimalParameterization'
[INFO] [1785200058.426922924] [strawberry_moveit_py]: Try loading adapter 'default_planning_response_adapters/ValidateSolution'
[INFO] [1785200058.428613903] [strawberry_moveit_py]: Loaded adapter 'default_planning_response_adapters/ValidateSolution'
[INFO] [1785200058.445520662] [moveit_2818106355.moveit.plugins.simple_controller_manager]: Added FollowJointTrajectory controller for panda_arm_controller
[INFO] [1785200058.449048302] [moveit_2818106355.moveit.plugins.simple_controller_manager]: Returned 1 controllers in list
[INFO] [1785200058.449293854] [moveit_2818106355.moveit.plugins.simple_controller_manager]: Returned 1 controllers in list
[INFO] [1785200058.450418629] [moveit_2818106355.moveit.ros.trajectory_execution_manager]: Trajectory execution is not managing controllers
[INFO] [1785200060.064432752] [blender_v2_grasp_pose_gripper_diagnostic]: MoveIt static collision scene loaded: work_table, strawberry_planter, strawberry_plant_crown, collection_bin
[INFO] [1785200060.108576828] [blender_v2_grasp_pose_gripper_diagnostic]: MoveIt fruit collision scene loaded: strawberry_fruit_1, strawberry_fruit_2, strawberry_fruit_3
[INFO] [1785200060.140942132] [blender_v2_grasp_pose_gripper_diagnostic]: MoveIt stage WRIST_OBSERVATION
[INFO] [1785200060.292419878] [strawberry_moveit_py]: Calling PlanningRequestAdapter 'ResolveConstraintFrames'
[INFO] [1785200060.292966284] [strawberry_moveit_py]: Calling PlanningRequestAdapter 'ValidateWorkspaceBounds'
[WARN] [1785200060.293264035] [moveit_2818106355.moveit.ros.validate_workspace_bounds]: It looks like the planning volume was not specified. Using default values.
[INFO] [1785200060.294237903] [strawberry_moveit_py]: Calling PlanningRequestAdapter 'CheckStartStateBounds'
[INFO] [1785200060.294444562] [strawberry_moveit_py]: Calling PlanningRequestAdapter 'CheckStartStateCollision'
[INFO] [1785200060.295334710] [moveit_2818106355.moveit.planners.ompl.model_based_planning_context]: Planner configuration 'panda_arm[RRTConnectkConfigDefault]' will use planner 'geometric::RRTConnect'. Additional configuration parameters will be set when the planner is constructed.
[INFO] [1785200060.296379769] [strawberry_moveit_py]: Calling Planner 'OMPL'
[INFO] [1785200060.316266925] [strawberry_moveit_py]: Calling PlanningResponseAdapter 'AddTimeOptimalParameterization'
[INFO] [1785200060.322311509] [strawberry_moveit_py]: Calling PlanningResponseAdapter 'ValidateSolution'
[INFO] [1785200060.364591144] [blender_v2_grasp_pose_gripper_diagnostic]: planned endpoint pose error: 0.0008 m, 0.77 deg
[INFO] [1785200098.297693682] [blender_v2_grasp_pose_gripper_diagnostic]: executed endpoint pose error: 0.0008 m, 0.77 deg
[INFO] [1785200099.785787521] [blender_v2_grasp_pose_gripper_diagnostic]: MoveIt live fruit scene synchronized; target obstacle strawberry_fruit_1 enabled for transit
[INFO] [1785200099.853827152] [blender_v2_grasp_pose_gripper_diagnostic]: MoveIt stage APPROACH
[INFO] [1785200099.881286335] [blender_v2_grasp_pose_gripper_diagnostic]: MoveIt guarded approach phase: vertical lift
[INFO] [1785200105.207586508] [blender_v2_grasp_pose_gripper_diagnostic]: executed Cartesian endpoint pose error: 0.0000 m, 0.00 deg
[INFO] [1785200105.260064479] [blender_v2_grasp_pose_gripper_diagnostic]: MoveIt guarded approach phase: in-place reorientation
[INFO] [1785200126.041422214] [blender_v2_grasp_pose_gripper_diagnostic]: executed Cartesian endpoint pose error: 0.0000 m, 0.00 deg
[INFO] [1785200126.089915679] [blender_v2_grasp_pose_gripper_diagnostic]: MoveIt guarded approach phase: move to clear corridor
[INFO] [1785200132.413635204] [blender_v2_grasp_pose_gripper_diagnostic]: executed Cartesian endpoint pose error: 0.0000 m, 0.00 deg
[INFO] [1785200132.446023650] [blender_v2_grasp_pose_gripper_diagnostic]: MoveIt guarded approach phase: corridor translation
[INFO] [1785200141.559217627] [blender_v2_grasp_pose_gripper_diagnostic]: executed Cartesian endpoint pose error: 0.0000 m, 0.00 deg
[INFO] [1785200141.594158496] [blender_v2_grasp_pose_gripper_diagnostic]: MoveIt guarded approach phase: align over target
[INFO] [1785200144.984530859] [blender_v2_grasp_pose_gripper_diagnostic]: executed Cartesian endpoint pose error: 0.0000 m, 0.00 deg
[INFO] [1785200145.031693518] [blender_v2_grasp_pose_gripper_diagnostic]: MoveIt guarded approach phase: pre-grasp descent
[INFO] [1785200147.265405174] [blender_v2_grasp_pose_gripper_diagnostic]: executed Cartesian endpoint pose error: 0.0000 m, 0.00 deg
[INFO] [1785200147.320258553] [blender_v2_grasp_pose_gripper_diagnostic]: MoveIt target obstacle strawberry_fruit_1 removed for grasp contact
[INFO] [1785200147.364929409] [blender_v2_grasp_pose_gripper_diagnostic]: MoveIt stage GRASP_POSE
[INFO] [1785200158.938105835] [blender_v2_grasp_pose_gripper_diagnostic]: executed Cartesian endpoint pose error: 0.0000 m, 0.00 deg
[INFO] [1785200160.836801295] [blender_v2_grasp_pose_gripper_diagnostic]: MoveIt stage RETREAT
[INFO] [1785202741.477314266] [blender_v2_grasp_pose_gripper_diagnostic]: executed Cartesian endpoint pose error: 0.0000 m, 0.00 deg
[INFO] [1785202741.514656252] [blender_v2_grasp_pose_gripper_diagnostic]: MoveIt target obstacle strawberry_fruit_1 restored from live truth
[INFO] [1785202741.669346455] [strawberry_moveit_py]: Calling PlanningRequestAdapter 'ResolveConstraintFrames'
[INFO] [1785202741.670320202] [strawberry_moveit_py]: Calling PlanningRequestAdapter 'ValidateWorkspaceBounds'
[WARN] [1785202741.670537879] [moveit_2818106355.moveit.ros.validate_workspace_bounds]: It looks like the planning volume was not specified. Using default values.
[INFO] [1785202741.671021791] [strawberry_moveit_py]: Calling PlanningRequestAdapter 'CheckStartStateBounds'
[INFO] [1785202741.671212536] [strawberry_moveit_py]: Calling PlanningRequestAdapter 'CheckStartStateCollision'
[INFO] [1785202741.672538494] [moveit_2818106355.moveit.planners.ompl.model_based_planning_context]: Planner configuration 'panda_arm[RRTConnectkConfigDefault]' will use planner 'geometric::RRTConnect'. Additional configuration parameters will be set when the planner is constructed.
[INFO] [1785202741.673143104] [strawberry_moveit_py]: Calling Planner 'OMPL'
[INFO] [1785202741.688822319] [strawberry_moveit_py]: Calling PlanningResponseAdapter 'AddTimeOptimalParameterization'
[INFO] [1785202741.692314087] [strawberry_moveit_py]: Calling PlanningResponseAdapter 'ValidateSolution'
[INFO] [1785202741.693824304] [moveit_2818106355.moveit.plugins.simple_controller_manager]: Returned 1 controllers in list
[INFO] [1785202741.696783240] [moveit_2818106355.moveit.plugins.simple_controller_manager]: Returned 1 controllers in list
[INFO] [1785202741.697218655] [moveit_2818106355.moveit.plugins.simple_controller_manager]: Returned 1 controllers in list
[INFO] [1785202741.697502243] [moveit_2818106355.moveit.plugins.simple_controller_manager]: Returned 1 controllers in list
[INFO] [1785202741.697765944] [moveit_2818106355.moveit.ros.trajectory_execution_manager]: Validating trajectory with allowed_start_tolerance 0.01
[INFO] [1785202741.722640845] [moveit_2818106355.moveit.ros.trajectory_execution_manager]: Starting trajectory execution ...
[INFO] [1785202741.723052849] [moveit_2818106355.moveit.plugins.simple_controller_manager]: Returned 1 controllers in list
[INFO] [1785202741.723341172] [moveit_2818106355.moveit.plugins.simple_controller_manager]: Returned 1 controllers in list
[INFO] [1785202741.725519128] [moveit.simple_controller_manager.follow_joint_trajectory_controller_handle]: sending trajectory to panda_arm_controller
[INFO] [1785202741.727611635] [moveit.simple_controller_manager.follow_joint_trajectory_controller_handle]: panda_arm_controller started execution
[INFO] [1785202741.728178445] [moveit.simple_controller_manager.follow_joint_trajectory_controller_handle]: Goal request accepted!
[INFO] [1785202757.509444211] [moveit.simple_controller_manager.follow_joint_trajectory_controller_handle]: Controller 'panda_arm_controller' successfully finished
[INFO] [1785202757.522909022] [moveit_2818106355.moveit.ros.trajectory_execution_manager]: Completed trajectory execution with status SUCCEEDED ...
{"approach_motion": {"collision": false, "execution_time_sec": 44.319152832995314, "planning_time_sec": 0.016081358004157664, "success": true}, "attachment_command_started": false, "classification": "MEASURED_CLOSE_WITH_BILATERAL_TARGET_CONTACT", "close_command": {"completed_elapsed_sec": 103.050665, "measured_position_validation_passed": false, "observed_position_m": 0.02475945188583215, "observed_position_source": "joint_states_fallback", "positions_before_m": {"panda_finger_joint1": 0.04, "panda_finger_joint2": 0.03999999091210679}, "reached_goal": true, "result_state": {}, "stalled": false, "started_elapsed_sec": 102.847126, "status": 4, "status_succeeded": true, "target_position_m_per_finger": 0.022}, "close_window_finger_samples": [{"elapsed_sec": 102.774436, "positions_m": {"panda_finger_joint1": 0.04, "panda_finger_joint2": 0.03999999981482925}}, {"elapsed_sec": 102.790746, "positions_m": {"panda_finger_joint1": 0.04, "panda_finger_joint2": 0.03999998785913037}}, {"elapsed_sec": 102.791935, "positions_m": {"panda_finger_joint1": 0.04, "panda_finger_joint2": 0.0399999577855885}}, {"elapsed_sec": 102.792533, "positions_m": {"panda_finger_joint1": 0.04, "panda_finger_joint2": 0.039999909950194014}}, {"elapsed_sec": 102.810844, "positions_m": {"panda_finger_joint1": 0.04, "panda_finger_joint2": 0.03999999091210679}}, {"elapsed_sec": 102.876764, "positions_m": {"panda_finger_joint1": 0.04, "panda_finger_joint2": 0.03999999483572463}}, {"elapsed_sec": 102.900647, "positions_m": {"panda_finger_joint1": 0.03800000000023546, "panda_finger_joint2": 0.03999997516574693}}, {"elapsed_sec": 102.951934, "positions_m": {"panda_finger_joint1": 0.03600000000027266, "panda_finger_joint2": 0.03999994462436798}}, {"elapsed_sec": 102.95324, "positions_m": {"panda_finger_joint1": 0.034000000000309866, "panda_finger_joint2": 0.038067490650124054}}, {"elapsed_sec": 102.95389, "positions_m": {"panda_finger_joint1": 0.03200000000034707, "panda_finger_joint2": 0.03606749065012837}}, {"elapsed_sec": 102.982401, "positions_m": {"panda_finger_joint1": 0.030000000000384275, "panda_finger_joint2": 0.03406749065013268}}, {"elapsed_sec": 102.992294, "positions_m": {"panda_finger_joint1": 0.02800000000042148, "panda_finger_joint2": 0.032067490650137}}, {"elapsed_sec": 103.007935, "positions_m": {"panda_finger_joint1": 0.026000000000458684, "panda_finger_joint2": 0.03006749065014131}}, {"elapsed_sec": 103.014764, "positions_m": {"panda_finger_joint1": 0.02400000000049589, "panda_finger_joint2": 0.028067490650145625}}, {"elapsed_sec": 103.048659, "positions_m": {"panda_finger_joint1": 0.02475945188583215, "panda_finger_joint2": 0.026922244784571628}}, {"elapsed_sec": 103.099753, "positions_m": {"panda_finger_joint1": 0.025661961048514408, "panda_finger_joint2": 0.02603499990960116}}, {"elapsed_sec": 103.141274, "positions_m": {"panda_finger_joint1": 0.025839107008514325, "panda_finger_joint2": 0.02587261174838705}}, {"elapsed_sec": 103.167715, "positions_m": {"panda_finger_joint1": 0.025864384551421423, "panda_finger_joint2": 0.025861633232151144}}, {"elapsed_sec": 103.185512, "positions_m": {"panda_finger_joint1": 0.025873182609860976, "panda_finger_joint2": 0.02586672001602675}}, {"elapsed_sec": 103.187533, "positions_m": {"panda_finger_joint1": 0.025880054879819592, "panda_finger_joint2": 0.025873358084923467}}, {"elapsed_sec": 103.218515, "positions_m": {"panda_finger_joint1": 0.025886555574963735, "panda_finger_joint2": 0.02588002904291061}}, {"elapsed_sec": 103.234614, "positions_m": {"panda_finger_joint1": 0.025892807651901967, "panda_finger_joint2": 0.025886642318697424}}, {"elapsed_sec": 103.235643, "positions_m": {"panda_finger_joint1": 0.025898840657568516, "panda_finger_joint2": 0.02589319765318847}}, {"elapsed_sec": 103.252015, "positions_m": {"panda_finger_joint1": 0.02590468047948, "panda_finger_joint2": 0.025899694758238525}}, {"elapsed_sec": 103.297534, "positions_m": {"panda_finger_joint1": 0.02591032698397802, "panda_finger_joint2": 0.025906125857461562}}, {"elapsed_sec": 103.355407, "positions_m": {"panda_finger_joint1": 0.025915817056249443, "panda_finger_joint2": 0.02591249602763573}}, {"elapsed_sec": 103.356127, "positions_m": {"panda_finger_joint1": 0.025921178186586968, "panda_finger_joint2": 0.025918808261838688}}, {"elapsed_sec": 103.401759, "positions_m": {"panda_finger_joint1": 0.025926428504863985, "panda_finger_joint2": 0.025925063361665158}}, {"elapsed_sec": 103.418045, "positions_m": {"panda_finger_joint1": 0.02593158352402333, "panda_finger_joint2": 0.025931261970615835}}, {"elapsed_sec": 103.419477, "positions_m": {"panda_finger_joint1": 0.0259366570550444, "panda_finger_joint2": 0.025937404791610476}}, {"elapsed_sec": 103.454958, "positions_m": {"panda_finger_joint1": 0.025941661448620756, "panda_finger_joint2": 0.02594349260006329}}, {"elapsed_sec": 103.46494, "positions_m": {"panda_finger_joint1": 0.025946607738943313, "panda_finger_joint2": 0.025949526232797452}}, {"elapsed_sec": 103.483624, "positions_m": {"panda_finger_joint1": 0.025951505773611837, "panda_finger_joint2": 0.025955506578143075}}, {"elapsed_sec": 103.507446, "positions_m": {"panda_finger_joint1": 0.025956345328637012, "panda_finger_joint2": 0.02596142876980125}}, {"elapsed_sec": 103.52567, "positions_m": {"panda_finger_joint1": 0.025960642758970223, "panda_finger_joint2": 0.025967141387647892}}, {"elapsed_sec": 103.580107, "positions_m": {"panda_finger_joint1": 0.025964247899040557, "panda_finger_joint2": 0.025972589102421166}}, {"elapsed_sec": 103.588019, "positions_m": {"panda_finger_joint1": 0.02596723788531605, "panda_finger_joint2": 0.025977786302489335}}, {"elapsed_sec": 103.636399, "positions_m": {"panda_finger_joint1": 0.025969682153343374, "panda_finger_joint2": 0.02598274632572709}}, {"elapsed_sec": 103.651161, "positions_m": {"panda_finger_joint1": 0.025971643183765474, "panda_finger_joint2": 0.02598748155029013}}, {"elapsed_sec": 103.657564, "positions_m": {"panda_finger_joint1": 0.025973177176718976, "panda_finger_joint2": 0.025992003476997618}}, {"elapsed_sec": 103.692429, "positions_m": {"panda_finger_joint1": 0.025974334661468167, "panda_finger_joint2": 0.02599632280411636}}, {"elapsed_sec": 103.712304, "positions_m": {"panda_finger_joint1": 0.025975161047476235, "panda_finger_joint2": 0.026000449495265015}}, {"elapsed_sec": 103.717158, "positions_m": {"panda_finger_joint1": 0.025975697122521565, "panda_finger_joint2": 0.026004392841088086}}, {"elapsed_sec": 103.743813, "positions_m": {"panda_finger_joint1": 0.025975979502930395, "panda_finger_joint2": 0.026008161515287617}}, {"elapsed_sec": 103.75378, "positions_m": {"panda_finger_joint1": 0.02597604104051182, "panda_finger_joint2": 0.02601176362554448}}, {"elapsed_sec": 103.807733, "positions_m": {"panda_finger_joint1": 0.025975911190342642, "panda_finger_joint2": 0.02601520675981069}}, {"elapsed_sec": 103.824299, "positions_m": {"panda_finger_joint1": 0.025975616343152583, "panda_finger_joint2": 0.026018498028408027}}, {"elapsed_sec": 103.874181, "positions_m": {"panda_finger_joint1": 0.025975180125701627, "panda_finger_joint2": 0.0260216441023272}}, {"elapsed_sec": 103.890179, "positions_m": {"panda_finger_joint1": 0.025974623672216823, "panda_finger_joint2": 0.026024651248084035}}, {"elapsed_sec": 103.892704, "positions_m": {"panda_finger_joint1": 0.025973965869662167, "panda_finger_joint2": 0.02602752535945543}}, {"elapsed_sec": 103.947381, "positions_m": {"panda_finger_joint1": 0.02597322357935, "panda_finger_joint2": 0.026030271986387115}}, {"elapsed_sec": 103.948731, "positions_m": {"panda_finger_joint1": 0.025972411837162205, "panda_finger_joint2": 0.026032896361337456}}, {"elapsed_sec": 103.949493, "positions_m": {"panda_finger_joint1": 0.025971544034432477, "panda_finger_joint2": 0.026035403423296563}}, {"elapsed_sec": 103.976423, "positions_m": {"panda_finger_joint1": 0.025970632081344484, "panda_finger_joint2": 0.026037797839697167}}, {"elapsed_sec": 103.991267, "positions_m": {"panda_finger_joint1": 0.02596968655452345, "panda_finger_joint2": 0.026040084026413324}}, {"elapsed_sec": 104.040642, "positions_m": {"panda_finger_joint1": 0.025968716830337923, "panda_finger_joint2": 0.02604226616602421}}], "closed_width_m_per_finger": 0.022, "diagnostic_passed": false, "errors": [], "finger_positions_after_close_m": {"panda_finger_joint1": 0.025968716830337923, "panda_finger_joint2": 0.02604226616602421}, "finger_positions_after_reopen_m": {"panda_finger_joint1": 0.04, "panda_finger_joint2": 0.039999931193282864}, "fruit_displacement_during_close_m": 0.0019093301924892473, "grasp_motion": {"collision": false, "execution_time_sec": 9.702470538999478, "planning_time_sec": 0.003355810000357451, "success": true}, "initial_finger_positions_m": {"panda_finger_joint1": 0.03999983346925595, "panda_finger_joint2": 0.03999983346922925}, "initial_open_command": {"completed_elapsed_sec": 45.514499, "measured_position_validation_passed": true, "observed_position_m": 0.03999959745861111, "observed_position_source": "joint_states_fallback", "positions_before_m": {"panda_finger_joint1": 0.039999632941061285, "panda_finger_joint2": 0.03999961090063908}, "reached_goal": true, "result_state": {}, "stalled": false, "started_elapsed_sec": 45.460971, "status": 4, "status_succeeded": true, "target_position_m_per_finger": 0.04}, "initial_truth_position_m": [0.419064753, -0.053479813, 0.546111838], "measured_close_travel_m": 0.014138366767848857, "minimum_close_window_finger_positions_m": {"panda_finger_joint1": 0.02400000000049589, "panda_finger_joint2": 0.025861633232151144}, "non_target_contact_seen": false, "observation_motion": {"collision": false, "execution_time_sec": 36.15390112100067, "planning_time_sec": 0.031609047000529245, "success": true}, "observation_pose_control_close_command": {"completed_elapsed_sec": 45.719179, "measured_position_validation_passed": true, "observed_position_m": 0.022000000000036105, "observed_position_source": "joint_states_fallback", "positions_before_m": {"panda_finger_joint1": 0.03999959745861111, "panda_finger_joint2": 0.039999620508617856}, "reached_goal": true, "result_state": {}, "stalled": false, "started_elapsed_sec": 45.514512, "status": 4, "status_succeeded": true, "target_position_m_per_finger": 0.022}, "observation_pose_control_closed_positions_m": {"panda_finger_joint1": 0.021999999999998993, "panda_finger_joint2": 0.022000000000059826}, "observation_pose_control_reopen_command": {"completed_elapsed_sec": 46.392586, "measured_position_validation_passed": true, "observed_position_m": 0.039999999999457206, "observed_position_source": "joint_states_fallback", "positions_before_m": {"panda_finger_joint1": 0.021999999999998993, "panda_finger_joint2": 0.022000000000059826}, "reached_goal": true, "result_state": {}, "stalled": false, "started_elapsed_sec": 46.219256, "status": 4, "status_succeeded": true, "target_position_m_per_finger": 0.04}, "open_width_m_per_finger": 0.04, "pick_action_started": false, "place_motion_started": false, "planning_started": true, "processed_target_contact_seen": {"left": true, "right": true}, "raw_contact_pairs": {"left": [["panda::panda_leftfinger::panda_leftfinger_collision", "strawberry_1::fruit_link::fruit_collision"], ["panda::panda_leftfinger::panda_leftfinger_collision", "strawberry_1::fruit_link::fruit_collision"], ["panda::panda_leftfinger::panda_leftfinger_collision", "strawberry_1::fruit_link::fruit_collision"], ["panda::panda_leftfinger::panda_leftfinger_collision", "strawberry_1::fruit_link::fruit_collision"], ["panda::panda_leftfinger::panda_leftfinger_collision", "strawberry_1::fruit_link::fruit_collision"], ["panda::panda_leftfinger::panda_leftfinger_collision", "strawberry_1::fruit_link::fruit_collision"], ["panda::panda_leftfinger::panda_leftfinger_collision", "strawberry_1::fruit_link::fruit_collision"], ["panda::panda_leftfinger::panda_leftfinger_collision", "strawberry_1::fruit_link::fruit_collision"], ["panda::panda_leftfinger::panda_leftfinger_collision", "strawberry_1::fruit_link::fruit_collision"], ["panda::panda_leftfinger::panda_leftfinger_collision", "strawberry_1::fruit_link::fruit_collision"], ["panda::panda_leftfinger::panda_leftfinger_collision", "strawberry_1::fruit_link::fruit_collision"], ["panda::panda_leftfinger::panda_leftfinger_collision", "strawberry_1::fruit_link::fruit_collision"], ["panda::panda_leftfinger::panda_leftfinger_collision", "strawberry_1::fruit_link::fruit_collision"], ["panda::panda_leftfinger::panda_leftfinger_collision", "strawberry_1::fruit_link::fruit_collision"], ["panda::panda_leftfinger::panda_leftfinger_collision", "strawberry_1::fruit_link::fruit_collision"], ["panda::panda_leftfinger::panda_leftfinger_collision", "strawberry_1::fruit_link::fruit_collision"], ["panda::panda_leftfinger::panda_leftfinger_collision", "strawberry_1::fruit_link::fruit_collision"], ["panda::panda_leftfinger::panda_leftfinger_collision", "strawberry_1::fruit_link::fruit_collision"], ["panda::panda_leftfinger::panda_leftfinger_collision", "strawberry_1::fruit_link::fruit_collision"], ["panda::panda_leftfinger::panda_leftfinger_collision", "strawberry_1::fruit_link::fruit_collision"]], "right": [["panda::panda_rightfinger::panda_rightfinger_collision", "strawberry_1::fruit_link::fruit_collision"], ["panda::panda_rightfinger::panda_rightfinger_collision", "strawberry_1::fruit_link::fruit_collision"], ["panda::panda_rightfinger::panda_rightfinger_collision", "strawberry_1::fruit_link::fruit_collision"], ["panda::panda_rightfinger::panda_rightfinger_collision", "strawberry_1::fruit_link::fruit_collision"], ["panda::panda_rightfinger::panda_rightfinger_collision", "strawberry_1::fruit_link::fruit_collision"], ["panda::panda_rightfinger::panda_rightfinger_collision", "strawberry_1::fruit_link::fruit_collision"], ["panda::panda_rightfinger::panda_rightfinger_collision", "strawberry_1::fruit_link::fruit_collision"], ["panda::panda_rightfinger::panda_rightfinger_collision", "strawberry_1::fruit_link::fruit_collision"], ["panda::panda_rightfinger::panda_rightfinger_collision", "strawberry_1::fruit_link::fruit_collision"], ["panda::panda_rightfinger::panda_rightfinger_collision", "strawberry_1::fruit_link::fruit_collision"], ["panda::panda_rightfinger::panda_rightfinger_collision", "strawberry_1::fruit_link::fruit_collision"], ["panda::panda_rightfinger::panda_rightfinger_collision", "strawberry_1::fruit_link::fruit_collision"], ["panda::panda_rightfinger::panda_rightfinger_collision", "strawberry_1::fruit_link::fruit_collision"], ["panda::panda_rightfinger::panda_rightfinger_collision", "strawberry_1::fruit_link::fruit_collision"], ["panda::panda_rightfinger::panda_rightfinger_collision", "strawberry_1::fruit_link::fruit_collision"], ["panda::panda_rightfinger::panda_rightfinger_collision", "strawberry_1::fruit_link::fruit_collision"], ["panda::panda_rightfinger::panda_rightfinger_collision", "strawberry_1::fruit_link::fruit_collision"], ["panda::panda_rightfinger::panda_rightfinger_collision", "strawberry_1::fruit_link::fruit_collision"], ["panda::panda_rightfinger::panda_rightfinger_collision", "strawberry_1::fruit_link::fruit_collision"], ["panda::panda_rightfinger::panda_rightfinger_collision", "strawberry_1::fruit_link::fruit_collision"]]}, "raw_target_contact_seen": {"left": true, "right": true}, "recovery_home_succeeded": true, "recovery_retreat_motion": {"collision": false, "execution_time_sec": 10.903129537000495, "planning_time_sec": 0.002686366999114398, "success": true}, "reopen_command": {"completed_elapsed_sec": 104.220829, "measured_position_validation_passed": true, "observed_position_m": 0.04, "observed_position_source": "joint_states_fallback", "positions_before_m": {"panda_finger_joint1": 0.025968716830337923, "panda_finger_joint2": 0.02604226616602421}, "reached_goal": true, "result_state": {}, "stalled": false, "started_elapsed_sec": 104.050745, "status": 4, "status_succeeded": true, "target_position_m_per_finger": 0.04}, "safe_recovery_complete": true, "schema_version": 1, "scope": "NON_ACCEPTANCE_BLENDER_V2_GRASP_POSE_GRIPPER_DIAGNOSTIC", "target_center_m": [0.41586261443329753, -0.05537905848329585, 0.5502943966316053], "target_center_source": "/mnt/c/Users/12753/Documents/New project/strawberry_urp/results/development/blender_v2_perception_pick_once_v3/execution_readiness.json", "target_id": 1, "tool_center_offset_m": 0.0964, "truth_after_close_m": [0.4191310547936388, -0.055387712236804346, 0.5460791828577908], "truth_before_close_m": [0.419064753, -0.053479813, 0.546111838]}