[WARN] [1785203296.772395903] [strawberry_pick_wrist_localization]: sensor acquisition is stale; detection_stamp_sec=14.520000; cache={"camera_info_count": 60, "depth_count": 38, "latest_camera_info_stamp_sec": 16.171, "latest_depth_stamp_sec": 16.138, "nearest_camera_info_delta_sec": 0.0, "nearest_depth_delta_sec": 0.0}
[WARN] [1785203298.019154108] [strawberry_pick_wrist_localization]: used bounded stationary sensor-sync fallback; detection_stamp_sec=16.666000; depth_delta_sec=-0.066000; camera_info_delta_sec=0.000000
[WARN] [1785203298.727642679] [strawberry_pick_wrist_localization]: used bounded stationary sensor-sync fallback; detection_stamp_sec=16.963000; depth_delta_sec=-0.099000; camera_info_delta_sec=0.000000
[WARN] [1785203299.418426295] [strawberry_pick_wrist_localization]: used bounded stationary sensor-sync fallback; detection_stamp_sec=17.293000; depth_delta_sec=-0.067000; camera_info_delta_sec=0.000000
[WARN] [1785203299.637487127] [strawberry_pick_wrist_localization]: deferred localization until coherent inputs arrive; no synchronized depth/CameraInfo pair matches the detection; detection_stamp_sec=17.359000; cache={"camera_info_count": 60, "depth_count": 34, "latest_camera_info_stamp_sec": 17.392, "latest_depth_stamp_sec": 17.226, "nearest_camera_info_delta_sec": 0.0, "nearest_depth_delta_sec": -0.13300000000000267}
[INFO] [1785203299.661992034] [strawberry_pick_wrist_localization]: recovered deferred localization; detection_stamp_sec=17.359000
[WARN] [1785203299.801409149] [strawberry_pick_wrist_localization]: used bounded stationary sensor-sync fallback; detection_stamp_sec=17.458000; depth_delta_sec=-0.066000; camera_info_delta_sec=0.000000
[WARN] [1785203300.234613972] [strawberry_pick_wrist_localization]: used bounded stationary sensor-sync fallback; detection_stamp_sec=17.622000; depth_delta_sec=-0.065000; camera_info_delta_sec=0.000000
[WARN] [1785203303.588973947] [strawberry_pick_wrist_localization]: used bounded stationary sensor-sync fallback; detection_stamp_sec=19.174000; depth_delta_sec=-0.067000; camera_info_delta_sec=0.000000
[WARN] [1785203304.711831973] [strawberry_pick_wrist_localization]: used bounded stationary sensor-sync fallback; detection_stamp_sec=19.636000; depth_delta_sec=-0.066000; camera_info_delta_sec=0.000000
[WARN] [1785203304.771224892] [strawberry_pick_wrist_localization]: used bounded stationary sensor-sync fallback; detection_stamp_sec=19.669000; depth_delta_sec=-0.099000; camera_info_delta_sec=0.000000
[WARN] [1785203304.931416253] [strawberry_pick_wrist_localization]: deferred localization until coherent inputs arrive; no synchronized depth/CameraInfo pair matches the detection; detection_stamp_sec=19.701000; cache={"camera_info_count": 59, "depth_count": 39, "latest_camera_info_stamp_sec": 19.701, "latest_depth_stamp_sec": 19.57, "nearest_camera_info_delta_sec": 0.0, "nearest_depth_delta_sec": -0.13100000000000023}
[INFO] [1785203304.978342167] [strawberry_pick_wrist_localization]: recovered deferred localization; detection_stamp_sec=19.701000
[WARN] [1785203306.888108691] [strawberry_pick_wrist_localization]: used bounded stationary sensor-sync fallback; detection_stamp_sec=20.593000; depth_delta_sec=-0.067000; camera_info_delta_sec=0.000000
[WARN] [1785203306.995752440] [strawberry_pick_wrist_localization]: used bounded stationary sensor-sync fallback; detection_stamp_sec=20.625000; depth_delta_sec=-0.099000; camera_info_delta_sec=0.000000
[WARN] [1785203307.530622856] [strawberry_pick_wrist_localization]: used bounded stationary sensor-sync fallback; detection_stamp_sec=20.857000; depth_delta_sec=-0.066000; camera_info_delta_sec=0.000000
[WARN] [1785203307.756987759] [strawberry_pick_wrist_localization]: deferred localization until coherent inputs arrive; no synchronized depth/CameraInfo pair matches the detection; detection_stamp_sec=20.922000; cache={"camera_info_count": 60, "depth_count": 32, "latest_camera_info_stamp_sec": 20.956, "latest_depth_stamp_sec": 20.791, "nearest_camera_info_delta_sec": 0.0, "nearest_depth_delta_sec": -0.13100000000000023}
[INFO] [1785203307.882976641] [strawberry_pick_wrist_localization]: recovered deferred localization; detection_stamp_sec=20.922000
[WARN] [1785203311.227690355] [strawberry_pick_wrist_localization]: used bounded stationary sensor-sync fallback; detection_stamp_sec=22.441000; depth_delta_sec=-0.066000; camera_info_delta_sec=0.000000
[WARN] [1785203311.449889053] [strawberry_pick_wrist_localization]: used bounded stationary sensor-sync fallback; detection_stamp_sec=22.540000; depth_delta_sec=-0.066000; camera_info_delta_sec=0.000000
[WARN] [1785203312.909649709] [strawberry_pick_wrist_localization]: used bounded stationary sensor-sync fallback; detection_stamp_sec=23.167000; depth_delta_sec=-0.067000; camera_info_delta_sec=0.000000
[WARN] [1785203314.910497737] [strawberry_pick_wrist_localization]: used bounded stationary sensor-sync fallback; detection_stamp_sec=23.992000; depth_delta_sec=-0.067000; camera_info_delta_sec=0.000000
[WARN] [1785203316.826691311] [strawberry_pick_wrist_localization]: used bounded stationary sensor-sync fallback; detection_stamp_sec=24.784000; depth_delta_sec=-0.067000; camera_info_delta_sec=0.000000
[WARN] [1785203317.477362498] [strawberry_pick_wrist_localization]: used bounded stationary sensor-sync fallback; detection_stamp_sec=25.048000; depth_delta_sec=-0.066000; camera_info_delta_sec=0.000000
[WARN] [1785203317.666056628] [strawberry_pick_wrist_localization]: deferred localization until coherent inputs arrive; no synchronized depth/CameraInfo pair matches the detection; detection_stamp_sec=25.113000; cache={"camera_info_count": 60, "depth_count": 39, "latest_camera_info_stamp_sec": 25.147, "latest_depth_stamp_sec": 24.982, "nearest_camera_info_delta_sec": 0.0, "nearest_depth_delta_sec": -0.13100000000000023}
[WARN] [1785203317.705514783] [strawberry_pick_wrist_localization]: deferred localization until coherent inputs arrive; no synchronized depth/CameraInfo pair matches the detection; detection_stamp_sec=25.147000; cache={"camera_info_count": 60, "depth_count": 38, "latest_camera_info_stamp_sec": 25.18, "latest_depth_stamp_sec": 24.982, "nearest_camera_info_delta_sec": 0.0, "nearest_depth_delta_sec": -0.16499999999999915}
[WARN] [1785203317.775234217] [strawberry_pick_wrist_localization]: deferred localization until coherent inputs arrive; no synchronized depth/CameraInfo pair matches the detection; detection_stamp_sec=25.180000; cache={"camera_info_count": 60, "depth_count": 38, "latest_camera_info_stamp_sec": 25.18, "latest_depth_stamp_sec": 24.982, "nearest_camera_info_delta_sec": 0.0, "nearest_depth_delta_sec": -0.1980000000000004}
[WARN] [1785203317.919374149] [strawberry_pick_wrist_localization]: deferred localization until coherent inputs arrive; no synchronized depth/CameraInfo pair matches the detection; detection_stamp_sec=25.212000; cache={"camera_info_count": 60, "depth_count": 37, "latest_camera_info_stamp_sec": 25.246, "latest_depth_stamp_sec": 24.982, "nearest_camera_info_delta_sec": 0.0, "nearest_depth_delta_sec": -0.23000000000000043}
[WARN] [1785203317.988427607] [strawberry_pick_wrist_localization]: deferred localization until coherent inputs arrive; no synchronized depth/CameraInfo pair matches the detection; detection_stamp_sec=25.246000; cache={"camera_info_count": 60, "depth_count": 37, "latest_camera_info_stamp_sec": 25.279, "latest_depth_stamp_sec": 24.982, "nearest_camera_info_delta_sec": 0.0, "nearest_depth_delta_sec": -0.26399999999999935}
[WARN] [1785203318.165358271] [strawberry_pick_wrist_localization]: used bounded stationary sensor-sync fallback; detection_stamp_sec=25.246000; depth_delta_sec=0.099000; camera_info_delta_sec=0.000000
[INFO] [1785203318.210411892] [strawberry_pick_wrist_localization]: recovered deferred localization; detection_stamp_sec=25.246000
[WARN] [1785203318.809083567] [strawberry_pick_wrist_localization]: deferred localization expired; no synchronized depth/CameraInfo pair matches the detection; detection_stamp_sec=25.113000; cache={"camera_info_count": 60, "depth_count": 37, "latest_camera_info_stamp_sec": 25.608, "latest_depth_stamp_sec": 25.576, "nearest_camera_info_delta_sec": 0.0, "nearest_depth_delta_sec": -0.13100000000000023}
[WARN] [1785203318.848709151] [strawberry_pick_wrist_localization]: deferred localization expired; no synchronized depth/CameraInfo pair matches the detection; detection_stamp_sec=25.147000; cache={"camera_info_count": 60, "depth_count": 35, "latest_camera_info_stamp_sec": 25.642, "latest_depth_stamp_sec": 25.576, "nearest_camera_info_delta_sec": 0.0, "nearest_depth_delta_sec": -0.16499999999999915}
[WARN] [1785203318.880106180] [strawberry_pick_wrist_localization]: deferred localization expired; no synchronized depth/CameraInfo pair matches the detection; detection_stamp_sec=25.180000; cache={"camera_info_count": 60, "depth_count": 35, "latest_camera_info_stamp_sec": 25.675, "latest_depth_stamp_sec": 25.642, "nearest_camera_info_delta_sec": 0.0, "nearest_depth_delta_sec": 0.16499999999999915}
[WARN] [1785203319.013617669] [strawberry_pick_wrist_localization]: deferred localization expired; no synchronized depth/CameraInfo pair matches the detection; detection_stamp_sec=25.212000; cache={"camera_info_count": 60, "depth_count": 36, "latest_camera_info_stamp_sec": 25.675, "latest_depth_stamp_sec": 25.675, "nearest_camera_info_delta_sec": 0.0, "nearest_depth_delta_sec": 0.13299999999999912}
[WARN] [1785203324.239139436] [strawberry_pick_wrist_localization]: used bounded stationary sensor-sync fallback; detection_stamp_sec=27.160000; depth_delta_sec=-0.066000; camera_info_delta_sec=0.000000
[WARN] [1785203324.948556858] [strawberry_pick_wrist_localization]: deferred localization until coherent inputs arrive; no synchronized depth/CameraInfo pair matches the detection; detection_stamp_sec=27.423000; cache={"camera_info_count": 60, "depth_count": 43, "latest_camera_info_stamp_sec": 27.457, "latest_depth_stamp_sec": 27.358, "nearest_camera_info_delta_sec": 0.0, "nearest_depth_delta_sec": -0.06500000000000128}
[INFO] [1785203325.000931703] [strawberry_pick_wrist_localization]: recovered deferred localization; detection_stamp_sec=27.423000
[WARN] [1785203325.537195137] [strawberry_pick_wrist_localization]: deferred localization until coherent inputs arrive; no synchronized depth/CameraInfo pair matches the detection; detection_stamp_sec=27.688000; cache={"camera_info_count": 60, "depth_count": 41, "latest_camera_info_stamp_sec": 27.688, "latest_depth_stamp_sec": 27.621, "nearest_camera_info_delta_sec": 0.0, "nearest_depth_delta_sec": -0.06700000000000017}
[INFO] [1785203325.570480691] [strawberry_pick_wrist_localization]: recovered deferred localization; detection_stamp_sec=27.688000
[WARN] [1785203326.625432508] [strawberry_pick_wrist_localization]: deferred localization until coherent inputs arrive; no synchronized depth/CameraInfo pair matches the detection; detection_stamp_sec=28.183000; cache={"camera_info_count": 60, "depth_count": 41, "latest_camera_info_stamp_sec": 28.183, "latest_depth_stamp_sec": 28.116, "nearest_camera_info_delta_sec": 0.0, "nearest_depth_delta_sec": -0.06700000000000017}
[INFO] [1785203326.835518341] [strawberry_pick_wrist_localization]: recovered deferred localization; detection_stamp_sec=28.183000
[WARN] [1785203328.222814095] [strawberry_pick_wrist_localization]: deferred localization until coherent inputs arrive; no synchronized depth/CameraInfo pair matches the detection; detection_stamp_sec=28.843000; cache={"camera_info_count": 60, "depth_count": 37, "latest_camera_info_stamp_sec": 28.876, "latest_depth_stamp_sec": 28.744, "nearest_camera_info_delta_sec": 0.0, "nearest_depth_delta_sec": -0.0990000000000002}
[WARN] [1785203329.308463104] [strawberry_pick_wrist_localization]: deferred localization expired; no synchronized depth/CameraInfo pair matches the detection; detection_stamp_sec=28.843000; cache={"camera_info_count": 60, "depth_count": 38, "latest_camera_info_stamp_sec": 29.338, "latest_depth_stamp_sec": 29.173, "nearest_camera_info_delta_sec": 0.0, "nearest_depth_delta_sec": 0.06500000000000128}
[WARN] [1785203333.609952163] [strawberry_pick_wrist_localization]: deferred localization until coherent inputs arrive; no synchronized depth/CameraInfo pair matches the detection; detection_stamp_sec=31.119000; cache={"camera_info_count": 60, "depth_count": 37, "latest_camera_info_stamp_sec": 31.153, "latest_depth_stamp_sec": 31.054, "nearest_camera_info_delta_sec": 0.0, "nearest_depth_delta_sec": -0.06500000000000128}
[INFO] [1785203333.646648954] [strawberry_pick_wrist_localization]: recovered deferred localization; detection_stamp_sec=31.119000
[WARN] [1785203335.722414246] [strawberry_pick_wrist_localization]: deferred localization until coherent inputs arrive; no synchronized depth/CameraInfo pair matches the detection; detection_stamp_sec=32.010000; cache={"camera_info_count": 60, "depth_count": 35, "latest_camera_info_stamp_sec": 32.044, "latest_depth_stamp_sec": 31.945, "nearest_camera_info_delta_sec": 0.0, "nearest_depth_delta_sec": -0.06499999999999773}
[INFO] [1785203335.752148865] [strawberry_pick_wrist_localization]: recovered deferred localization; detection_stamp_sec=32.010000
[WARN] [1785203336.317648765] [strawberry_pick_wrist_localization]: deferred localization until coherent inputs arrive; no synchronized depth/CameraInfo pair matches the detection; detection_stamp_sec=32.275000; cache={"camera_info_count": 60, "depth_count": 38, "latest_camera_info_stamp_sec": 32.275, "latest_depth_stamp_sec": 32.208, "nearest_camera_info_delta_sec": 0.0, "nearest_depth_delta_sec": -0.06700000000000017}
[INFO] [1785203336.410018823] [strawberry_pick_wrist_localization]: recovered deferred localization; detection_stamp_sec=32.275000
[WARN] [1785203336.519381746] [strawberry_pick_wrist_localization]: deferred localization until coherent inputs arrive; no synchronized depth/CameraInfo pair matches the detection; detection_stamp_sec=32.374000; cache={"camera_info_count": 60, "depth_count": 36, "latest_camera_info_stamp_sec": 32.374, "latest_depth_stamp_sec": 32.307, "nearest_camera_info_delta_sec": 0.0, "nearest_depth_delta_sec": -0.06700000000000017}
[WARN] [1785203336.682422281] [strawberry_pick_wrist_localization]: deferred localization until coherent inputs arrive; no synchronized depth/CameraInfo pair matches the detection; detection_stamp_sec=32.406000; cache={"camera_info_count": 60, "depth_count": 34, "latest_camera_info_stamp_sec": 32.44, "latest_depth_stamp_sec": 32.307, "nearest_camera_info_delta_sec": 0.0, "nearest_depth_delta_sec": -0.09899999999999665}
[WARN] [1785203337.565814770] [strawberry_pick_wrist_localization]: deferred localization expired; no synchronized depth/CameraInfo pair matches the detection; detection_stamp_sec=32.374000; cache={"camera_info_count": 60, "depth_count": 33, "latest_camera_info_stamp_sec": 32.836, "latest_depth_stamp_sec": 32.802, "nearest_camera_info_delta_sec": 0.0, "nearest_depth_delta_sec": -0.06700000000000017}
[WARN] [1785203337.688250252] [strawberry_pick_wrist_localization]: deferred localization expired; no synchronized depth/CameraInfo pair matches the detection; detection_stamp_sec=32.406000; cache={"camera_info_count": 60, "depth_count": 35, "latest_camera_info_stamp_sec": 32.901, "latest_depth_stamp_sec": 32.869, "nearest_camera_info_delta_sec": 0.0, "nearest_depth_delta_sec": 0.06700000000000017}
[WARN] [1785203365.422477097] [strawberry_pick_wrist_localization]: deferred localization until coherent inputs arrive; no synchronized depth/CameraInfo pair matches the detection; detection_stamp_sec=42.306000; cache={"camera_info_count": 60, "depth_count": 43, "latest_camera_info_stamp_sec": 42.34, "latest_depth_stamp_sec": 42.241, "nearest_camera_info_delta_sec": 0.0, "nearest_depth_delta_sec": -0.06499999999999773}
[INFO] [1785203365.479829243] [strawberry_pick_wrist_localization]: recovered deferred localization; detection_stamp_sec=42.306000
[WARN] [1785203368.186194978] [strawberry_pick_wrist_localization]: deferred localization until coherent inputs arrive; no synchronized depth/CameraInfo pair matches the detection; detection_stamp_sec=43.396000; cache={"camera_info_count": 60, "depth_count": 44, "latest_camera_info_stamp_sec": 43.396, "latest_depth_stamp_sec": 43.329, "nearest_camera_info_delta_sec": 0.0, "nearest_depth_delta_sec": -0.06700000000000017}
[INFO] [1785203368.311373405] [strawberry_pick_wrist_localization]: recovered deferred localization; detection_stamp_sec=43.396000
[WARN] [1785203371.225817373] [strawberry_pick_wrist_localization]: deferred localization until coherent inputs arrive; no synchronized depth/CameraInfo pair matches the detection; detection_stamp_sec=44.517000; cache={"camera_info_count": 60, "depth_count": 49, "latest_camera_info_stamp_sec": 44.551, "latest_depth_stamp_sec": 44.452, "nearest_camera_info_delta_sec": 0.0, "nearest_depth_delta_sec": -0.06500000000000483}
[WARN] [1785203371.294600735] [strawberry_pick_wrist_localization]: deferred localization until coherent inputs arrive; no synchronized depth/CameraInfo pair matches the detection; detection_stamp_sec=44.551000; cache={"camera_info_count": 60, "depth_count": 49, "latest_camera_info_stamp_sec": 44.584, "latest_depth_stamp_sec": 44.452, "nearest_camera_info_delta_sec": 0.0, "nearest_depth_delta_sec": -0.09900000000000375}
[WARN] [1785203371.382726803] [strawberry_pick_wrist_localization]: deferred localization until coherent inputs arrive; no synchronized depth/CameraInfo pair matches the detection; detection_stamp_sec=44.584000; cache={"camera_info_count": 60, "depth_count": 48, "latest_camera_info_stamp_sec": 44.584, "latest_depth_stamp_sec": 44.452, "nearest_camera_info_delta_sec": 0.0, "nearest_depth_delta_sec": -0.132000000000005}
[WARN] [1785203372.174779317] [strawberry_pick_wrist_localization]: deferred localization until coherent inputs arrive; no synchronized depth/CameraInfo pair matches the detection; detection_stamp_sec=44.848000; cache={"camera_info_count": 60, "depth_count": 44, "latest_camera_info_stamp_sec": 44.881, "latest_depth_stamp_sec": 44.782, "nearest_camera_info_delta_sec": 0.0, "nearest_depth_delta_sec": -0.0660000000000025}
[INFO] [1785203372.238007997] [strawberry_pick_wrist_localization]: recovered deferred localization; detection_stamp_sec=44.848000
[WARN] [1785203372.513836608] [strawberry_pick_wrist_localization]: deferred localization expired; no synchronized depth/CameraInfo pair matches the detection; detection_stamp_sec=44.517000; cache={"camera_info_count": 60, "depth_count": 46, "latest_camera_info_stamp_sec": 44.98, "latest_depth_stamp_sec": 44.98, "nearest_camera_info_delta_sec": 0.0, "nearest_depth_delta_sec": -0.06500000000000483}
[WARN] [1785203372.591336898] [strawberry_pick_wrist_localization]: deferred localization expired; no synchronized depth/CameraInfo pair matches the detection; detection_stamp_sec=44.551000; cache={"camera_info_count": 60, "depth_count": 45, "latest_camera_info_stamp_sec": 45.046, "latest_depth_stamp_sec": 45.012, "nearest_camera_info_delta_sec": 0.0, "nearest_depth_delta_sec": 0.09899999999999665}
[WARN] [1785203372.642299592] [strawberry_pick_wrist_localization]: deferred localization expired; no synchronized depth/CameraInfo pair matches the detection; detection_stamp_sec=44.584000; cache={"camera_info_count": 60, "depth_count": 45, "latest_camera_info_stamp_sec": 45.079, "latest_depth_stamp_sec": 45.046, "nearest_camera_info_delta_sec": 0.0, "nearest_depth_delta_sec": 0.0659999999999954}
[WARN] [1785203377.536956194] [strawberry_pick_wrist_localization]: deferred localization until coherent inputs arrive; no synchronized depth/CameraInfo pair matches the detection; detection_stamp_sec=46.795000; cache={"camera_info_count": 60, "depth_count": 41, "latest_camera_info_stamp_sec": 46.795, "latest_depth_stamp_sec": 46.728, "nearest_camera_info_delta_sec": 0.0, "nearest_depth_delta_sec": -0.06700000000000017}
[INFO] [1785203377.703008126] [strawberry_pick_wrist_localization]: recovered deferred localization; detection_stamp_sec=46.795000
