WARNING:root:[33;21mCannot infer URDF from `/home/lzl/.cache/strawberry_urp/colcon/install/strawberry_manipulation/share/strawberry_manipulation`. -- using config/panda.urdf[0m
WARNING:root:[33;21mCannot infer SRDF from `/home/lzl/.cache/strawberry_urp/colcon/install/strawberry_manipulation/share/strawberry_manipulation`. -- using config/panda.srdf[0m
[INFO] [1785203302.147127647] [moveit_2211371140.moveit.py.cpp_initializer]: Initialize rclcpp
[INFO] [1785203302.147631016] [moveit_2211371140.moveit.py.cpp_initializer]: Initialize node parameters
[INFO] [1785203302.147852540] [moveit_2211371140.moveit.py.cpp_initializer]: Initialize node and executor
[INFO] [1785203302.157659134] [moveit_2211371140.moveit.py.cpp_initializer]: Spin separate thread
[INFO] [1785203302.160889767] [moveit_2211371140.moveit.ros.rdf_loader]: Loaded robot model in 0 seconds
[INFO] [1785203302.161123350] [moveit_2211371140.moveit.core.robot_model]: Loading robot model 'panda'...
[INFO] [1785203302.161317337] [moveit_2211371140.moveit.core.robot_model]: No root/virtual joint specified in SRDF. Assuming fixed joint
[INFO] [1785203302.167625979] [moveit_2211371140.moveit.kinematics.kdl_kinematics_plugin]: Joint weights for group 'panda_arm': 1 1 1 1 1 1 1
[INFO] [1785203302.193260121] [moveit_2211371140.moveit.ros.planning_scene_monitor]: Publishing maintained planning scene on 'monitored_planning_scene'
[INFO] [1785203302.194201598] [moveit_2211371140.moveit.ros.moveit_cpp]: Listening to 'joint_states' for joint states
[INFO] [1785203302.195582163] [moveit_2211371140.moveit.ros.current_state_monitor]: Listening to joint states on topic 'joint_states'
[INFO] [1785203302.201794459] [moveit_2211371140.moveit.ros.planning_scene_monitor]: Listening to '/attached_collision_object' for attached collision objects
[INFO] [1785203302.202462796] [moveit_2211371140.moveit.ros.planning_scene_monitor]: Stopping existing planning scene publisher.
[INFO] [1785203302.202987328] [moveit_2211371140.moveit.ros.planning_scene_monitor]: Stopped publishing maintained planning scene.
[INFO] [1785203302.203828352] [moveit_2211371140.moveit.ros.planning_scene_monitor]: Publishing maintained planning scene on 'monitored_planning_scene'
[INFO] [1785203302.204289433] [moveit_2211371140.moveit.ros.planning_scene_monitor]: Starting planning scene monitor
[INFO] [1785203302.204845817] [moveit_2211371140.moveit.ros.planning_scene_monitor]: Listening to '/planning_scene'
[INFO] [1785203302.205032307] [moveit_2211371140.moveit.ros.planning_scene_monitor]: Starting world geometry update monitor for collision objects, attached objects, octomap updates.
[INFO] [1785203302.206094787] [moveit_2211371140.moveit.ros.planning_scene_monitor]: Listening to 'collision_object'
[INFO] [1785203302.206648600] [moveit_2211371140.moveit.ros.planning_scene_monitor]: Listening to 'planning_scene_world' for planning scene world geometry
[WARN] [1785203302.207163823] [moveit_2211371140.moveit.ros.occupancy_map_monitor]: Resolution not specified for Octomap. Assuming resolution = 0.1 instead
[ERROR] [1785203302.207540104] [moveit_2211371140.moveit.ros.occupancy_map_monitor]: No 3D sensor plugin(s) defined for octomap updates
[INFO] [1785203302.213637048] [moveit_2211371140.moveit.ros.planning_pipeline]: Successfully loaded planner 'OMPL'
[INFO] [1785203302.214456113] [strawberry_pregrasp_shadow_moveit]: Try loading adapter 'default_planning_request_adapters/ResolveConstraintFrames'
[INFO] [1785203302.215345744] [strawberry_pregrasp_shadow_moveit]: Loaded adapter 'default_planning_request_adapters/ResolveConstraintFrames'
[INFO] [1785203302.215759655] [strawberry_pregrasp_shadow_moveit]: Try loading adapter 'default_planning_request_adapters/ValidateWorkspaceBounds'
[INFO] [1785203302.216255196] [strawberry_pregrasp_shadow_moveit]: Loaded adapter 'default_planning_request_adapters/ValidateWorkspaceBounds'
[INFO] [1785203302.216684098] [strawberry_pregrasp_shadow_moveit]: Try loading adapter 'default_planning_request_adapters/CheckStartStateBounds'
[INFO] [1785203302.217132640] [strawberry_pregrasp_shadow_moveit]: Loaded adapter 'default_planning_request_adapters/CheckStartStateBounds'
[INFO] [1785203302.217540222] [strawberry_pregrasp_shadow_moveit]: Try loading adapter 'default_planning_request_adapters/CheckStartStateCollision'
[INFO] [1785203302.220193141] [strawberry_pregrasp_shadow_moveit]: Loaded adapter 'default_planning_request_adapters/CheckStartStateCollision'
[INFO] [1785203302.221046083] [strawberry_pregrasp_shadow_moveit]: Try loading adapter 'default_planning_response_adapters/AddTimeOptimalParameterization'
[INFO] [1785203302.222626162] [strawberry_pregrasp_shadow_moveit]: Loaded adapter 'default_planning_response_adapters/AddTimeOptimalParameterization'
[INFO] [1785203302.223133227] [strawberry_pregrasp_shadow_moveit]: Try loading adapter 'default_planning_response_adapters/ValidateSolution'
[INFO] [1785203302.225060237] [strawberry_pregrasp_shadow_moveit]: Loaded adapter 'default_planning_response_adapters/ValidateSolution'
[WARN] [1785203302.226840092] [moveit_2211371140.moveit.ros.trajectory_execution_manager]: Parameter '~moveit_controller_manager' is not specified but only one matching plugin was found: 'moveit_simple_controller_manager/MoveItSimpleControllerManager'. Using that one.
[ERROR] [1785203302.238963355] [moveit_2211371140.moveit.plugins.simple_controller_manager]: No controller_names specified.
[INFO] [1785203302.239360274] [moveit_2211371140.moveit.plugins.simple_controller_manager]: Returned 0 controllers in list
[INFO] [1785203302.239647862] [moveit_2211371140.moveit.plugins.simple_controller_manager]: Returned 0 controllers in list
[INFO] [1785203302.240573506] [moveit_2211371140.moveit.ros.trajectory_execution_manager]: Trajectory execution is not managing controllers
[INFO] [1785203315.599662178] [strawberry_pregrasp_shadow_moveit]: Calling PlanningRequestAdapter 'ResolveConstraintFrames'
[INFO] [1785203315.600463877] [strawberry_pregrasp_shadow_moveit]: Calling PlanningRequestAdapter 'ValidateWorkspaceBounds'
[WARN] [1785203315.600787505] [moveit_2211371140.moveit.ros.validate_workspace_bounds]: It looks like the planning volume was not specified. Using default values.
[INFO] [1785203315.601230806] [strawberry_pregrasp_shadow_moveit]: Calling PlanningRequestAdapter 'CheckStartStateBounds'
[INFO] [1785203315.601554510] [strawberry_pregrasp_shadow_moveit]: Calling PlanningRequestAdapter 'CheckStartStateCollision'
[INFO] [1785203315.602613089] [moveit_2211371140.moveit.planners.ompl.model_based_planning_context]: Planner configuration 'panda_arm[RRTConnectkConfigDefault]' will use planner 'geometric::RRTConnect'. Additional configuration parameters will be set when the planner is constructed.
[INFO] [1785203315.603820267] [strawberry_pregrasp_shadow_moveit]: Calling Planner 'OMPL'
[INFO] [1785203315.628267760] [strawberry_pregrasp_shadow_moveit]: Calling PlanningResponseAdapter 'AddTimeOptimalParameterization'
[INFO] [1785203315.633119201] [strawberry_pregrasp_shadow_moveit]: Calling PlanningResponseAdapter 'ValidateSolution'
{"camera_mount": "dual", "clock_unsynchronized_target_samples_ignored": 2, "collision_scene": {"after_ids": ["collection_bin", "strawberry_fruit_1", "strawberry_fruit_2", "strawberry_fruit_3", "strawberry_plant_crown", "strawberry_planter", "work_table"], "before_ids": ["collection_bin", "strawberry_fruit_1", "strawberry_fruit_2", "strawberry_fruit_3", "strawberry_plant_crown", "strawberry_planter", "work_table"], "expected_ids": ["collection_bin", "strawberry_fruit_1", "strawberry_fruit_2", "strawberry_fruit_3", "strawberry_plant_crown", "strawberry_planter", "work_table"], "missing_after": [], "missing_before": [], "selected_fruit_collision_retained": true}, "control_command_count": 0, "control_interface_created": false, "controller_configuration_keys": [], "expected_target_id": 1, "formal_acceptance": false, "generated_at_utc": "2026-07-28T01:48:35.660567+00:00", "grasp_geometry_config": "/home/lzl/.cache/strawberry_urp/colcon/install/strawberry_manipulation/share/strawberry_manipulation/config/grasp_geometry.yaml", "grasp_geometry_profile": "blender_v2_26mm", "gripper_command_sent": false, "handoff_input": {"bytes": 2920, "path": "results/development/blender_v2_perception_pick_once_v4/handoff_shadow.json", "sha256": "d60756a29876609ec29b84b68d61a8722d472b8f1861d7220b5693d07c0388c9"}, "held_out_test_consumed": false, "joint_sample_count": 10, "minimum_target_samples": 15, "moveit_state_delta_rad": 0.0, "observed_joint_delta_rad": 0.0, "observed_target_ids": [1], "pick_action_called": false, "pick_authorized": false, "planning_attempt_count": 1, "planning_attempts": [{"attempt": 1, "endpoint_orientation_error_rad": 0.011638759755227256, "endpoint_position_error_m": 0.0009935032444313998, "planning_time_sec": 0.0356675169969094, "success": true, "trajectory_waypoint_count": 62}], "planning_passed": true, "pregrasp_pose": {"frame_id": "panda_link0", "orientation_xyzw": [1.0, 0.0, 0.0, 0.0], "position_xyz_m": [0.41938314988323155, -0.056053161801222974, 0.7967097790600958], "pregrasp_offset_m": 0.15, "tool_center_offset_m": 0.0964}, "scene_config": "/home/lzl/.cache/strawberry_urp/colcon/install/strawberry_sim/share/strawberry_sim/config/scene.yaml", "schema_version": 1, "scope": "NON_ACCEPTANCE_PREGRASP_PLANNING_SHADOW", "state_history": ["HANDOFF_RECEIPT_VALIDATED", "READ_ONLY_MOVEIT_READY", "PLANNING_COLLISION_SCENE_VALIDATED", "PLANNING_TARGET_FROZEN", "PREGRASP_GOAL_CONSTRUCTED", "PREGRASP_PLAN_REQUESTED", "TRAJECTORY_DISCARDED", "STOP_BEFORE_TRAJECTORY_EXECUTION"], "target_age_sec": {"at_plan_completion": 0.0660000000000025, "maximum": 0.0779999999999994, "minimum": 0.03200000000000003}, "target_sample_count": 15, "target_topic": "/strawberry/perception/target_pose", "trajectory_discarded": true, "trajectory_executed": false, "trajectory_execution_requested": false, "trajectory_execution_time_sec": 0.0, "trajectory_generated": true, "violations": []}
